<html>
<body>
<pre>
<h1>µVision Build Log</h1>
<h2>Project:</h2>
E:\Project_NewPurist\baseos\baseos\USER\UCOS.uvproj
Project File Date:  <unknown>

<h2>Output:</h2>
Rebuild target 'RAM'
compiling main.c...
compiling stm32f4xx_it.c...
compiling system_stm32f4xx.c...
compiling Beep.c...
compiling DICA.c...
compiling Relay.c...
compiling Printf.c...
compiling UartCmd.c...
UartCmd.c(224): warning:  #223-D: function "vsprintf" declared implicitly
compiling config.c...
compiling list.c...
compiling serial.c...
compiling display.c...
display.c(219): warning:  #550-D: variable "oldfont" was set but never used
compiling AT.C...
compiling modbus.c...
modbus.c(1344): warning: C4017W: tmp may be used before being set
compiling LCD.c...
compiling font.c...
compiling storage.c...
compiling ble.c...
assembling startup_stm32f40_41xxx.s...
compiling misc.c...
compiling stm32f4xx_gpio.c...
compiling stm32f4xx_rcc.c...
compiling stm32f4xx_syscfg.c...
compiling stm32f4xx_usart.c...
compiling stm32f4xx_adc.c...
compiling stm32f4xx_can.c...
compiling stm32f4xx_flash.c...
compiling stm32f4xx_i2c.c...
compiling stm32f4xx_pwr.c...
compiling stm32f4xx_rtc.c...
compiling stm32f4xx_spi.c...
compiling stm32f4xx_tim.c...
compiling stm32f4xx_iwdg.c...
compiling stm32f4xx_dma.c...
compiling stm32f4xx_exti.c...
compiling stm32f4xx_sdio.c...
compiling OSAL_Memory.c...
linking...
Program Size: Code=98984 RO-data=209692 RW-data=1060 ZI-data=33708  
FromELF: creating hex file...
"..\Obj\0860210008WDMB_Main_V_1_0.axf" - 0 Errors, 3 Warning(s).
Rebuild target 'RAM'
compiling main.c...
compiling stm32f4xx_it.c...
compiling system_stm32f4xx.c...
compiling Beep.c...
compiling DICA.c...
compiling Relay.c...
compiling Printf.c...
compiling UartCmd.c...
UartCmd.c(224): warning:  #223-D: function "vsprintf" declared implicitly
compiling config.c...
compiling list.c...
compiling serial.c...
compiling display.c...
display.c(6202): error:  #136: struct "<unnamed>" has no field "usTocOxiTime"
display.c(6202): error:  #136: struct "<unnamed>" has no field "usUFCleanTime"
display.c(6204): error:  #136: struct "<unnamed>" has no field "usTocOxiTime"
display.c(6204): error:  #136: struct "<unnamed>" has no field "usUFCleanTime"
display.c(6208): error:  #136: struct "<unnamed>" has no field "usTocOxiTime"
display.c(6208): error:  #136: struct "<unnamed>" has no field "usUFCleanTime"
display.c(219): warning:  #550-D: variable "oldfont" was set but never used
compiling AT.C...
compiling modbus.c...
modbus.c(1344): warning: C4017W: tmp may be used before being set
compiling LCD.c...
compiling font.c...
compiling storage.c...
compiling ble.c...
assembling startup_stm32f40_41xxx.s...
compiling misc.c...
compiling stm32f4xx_gpio.c...
compiling stm32f4xx_rcc.c...
compiling stm32f4xx_syscfg.c...
compiling stm32f4xx_usart.c...
compiling stm32f4xx_adc.c...
compiling stm32f4xx_can.c...
compiling stm32f4xx_flash.c...
compiling stm32f4xx_i2c.c...
compiling stm32f4xx_pwr.c...
compiling stm32f4xx_rtc.c...
compiling stm32f4xx_spi.c...
compiling stm32f4xx_tim.c...
compiling stm32f4xx_iwdg.c...
compiling stm32f4xx_dma.c...
compiling stm32f4xx_exti.c...
compiling stm32f4xx_sdio.c...
compiling OSAL_Memory.c...
"..\Obj\0860210008WDMB_Main_V_1_0.axf" - 6 Errors, 3 Warning(s).
Target not created
Rebuild target 'RAM'
compiling main.c...
compiling stm32f4xx_it.c...
compiling system_stm32f4xx.c...
compiling Beep.c...
compiling DICA.c...
compiling Relay.c...
compiling Printf.c...
compiling UartCmd.c...
UartCmd.c(224): warning:  #223-D: function "vsprintf" declared implicitly
compiling config.c...
compiling list.c...
compiling serial.c...
compiling display.c...
display.c(219): warning:  #550-D: variable "oldfont" was set but never used
compiling AT.C...
compiling modbus.c...
modbus.c(1344): warning: C4017W: tmp may be used before being set
compiling LCD.c...
compiling font.c...
compiling storage.c...
compiling ble.c...
assembling startup_stm32f40_41xxx.s...
compiling misc.c...
compiling stm32f4xx_gpio.c...
compiling stm32f4xx_rcc.c...
compiling stm32f4xx_syscfg.c...
compiling stm32f4xx_usart.c...
compiling stm32f4xx_adc.c...
compiling stm32f4xx_can.c...
compiling stm32f4xx_flash.c...
compiling stm32f4xx_i2c.c...
compiling stm32f4xx_pwr.c...
compiling stm32f4xx_rtc.c...
compiling stm32f4xx_spi.c...
compiling stm32f4xx_tim.c...
compiling stm32f4xx_iwdg.c...
compiling stm32f4xx_dma.c...
compiling stm32f4xx_exti.c...
compiling stm32f4xx_sdio.c...
compiling OSAL_Memory.c...
linking...
Program Size: Code=99224 RO-data=209692 RW-data=1060 ZI-data=33716  
FromELF: creating hex file...
"..\Obj\0860210008WDMB_Main_V_1_0.axf" - 0 Errors, 3 Warning(s).
Rebuild target 'RAM'
compiling main.c...
compiling stm32f4xx_it.c...
compiling system_stm32f4xx.c...
compiling Beep.c...
compiling DICA.c...
compiling Relay.c...
compiling Printf.c...
compiling UartCmd.c...
UartCmd.c(224): warning:  #223-D: function "vsprintf" declared implicitly
compiling config.c...
compiling list.c...
compiling serial.c...
compiling display.c...
display.c(219): warning:  #550-D: variable "oldfont" was set but never used
compiling AT.C...
compiling modbus.c...
modbus.c(1344): warning: C4017W: tmp may be used before being set
compiling LCD.c...
compiling font.c...
compiling storage.c...
compiling ble.c...
assembling startup_stm32f40_41xxx.s...
compiling misc.c...
compiling stm32f4xx_gpio.c...
compiling stm32f4xx_rcc.c...
compiling stm32f4xx_syscfg.c...
compiling stm32f4xx_usart.c...
compiling stm32f4xx_adc.c...
compiling stm32f4xx_can.c...
compiling stm32f4xx_flash.c...
compiling stm32f4xx_i2c.c...
compiling stm32f4xx_pwr.c...
compiling stm32f4xx_rtc.c...
compiling stm32f4xx_spi.c...
compiling stm32f4xx_tim.c...
compiling stm32f4xx_iwdg.c...
compiling stm32f4xx_dma.c...
compiling stm32f4xx_exti.c...
compiling stm32f4xx_sdio.c...
compiling OSAL_Memory.c...
linking...
Program Size: Code=99208 RO-data=209692 RW-data=1060 ZI-data=33716  
FromELF: creating hex file...
"..\Obj\0860210008WDMB_Main_V_1_0.axf" - 0 Errors, 3 Warning(s).
