Component: ARM Compiler 5.06 update 6 (build 750) Tool: armlink [4d35ed]

==============================================================================

Section Cross References

    main.o(.text) refers to iwdg_driver.o(.text) for IWDG_Feed
    main.o(.text) refers to timer.o(.text) for TimerProc
    main.o(.text) refers to system_time.o(.text) for system_time_proc
    main.o(.text) refers to serial.o(.text) for Serial_CheckRcvIdleTime
    main.o(.text) refers to keyboard.o(.text) for RegisterKey
    main.o(.text) refers to stm32f4xx_rcc.o(.text) for RCC_ClearFlag
    main.o(.text) refers to voslog.o(.text) for VOS_SetLogLevel
    main.o(.text) refers to gpio.o(.text) for stm32_gpio_init
    main.o(.text) refers to uartcmd.o(.text) for UartCmdInit
    main.o(.text) refers to osal_snv.o(.text) for osal_snv_init
    main.o(.text) refers to config.o(.text) for Config_Init
    main.o(.text) refers to storage.o(.text) for Storage_Init
    main.o(.text) refers to relay.o(.text) for InitRelays
    main.o(.text) refers to dica.o(.text) for Ioctrl_input_init
    main.o(.text) refers to beep.o(.text) for BeepInit
    main.o(.text) refers to rtc_driver.o(.text) for RTC_Config
    main.o(.text) refers to adc.o(.text) for ADC_Meas_Init
    main.o(.text) refers to lcd.o(.text) for LCD_Init
    main.o(.text) refers to ble.o(.text) for bleInit
    main.o(.text) refers to modbus.o(.text) for ModbusInit
    main.o(.text) refers to ad7799.o(.text) for AD7799_Init
    main.o(.text) refers to display.o(.text) for Disp_Init
    main.o(.text) refers to mfddriver.o(.text) for mfd_Init
    main.o(.text) refers to sapp.o(.text) for SHZNAPP_SerialUnknowProc
    main.o(.text) refers to msg.o(.text) for MessageAlloc
    main.o(.text) refers to task.o(.text) for VOS_CreateTask
    main.o(.text) refers to os_task.o(.text) for OSTaskNameSet
    main.o(.text) refers to os_time.o(.text) for OSTimeDlyHMSM
    main.o(.text) refers to cpu_a.o(.text) for CPU_IntDis
    main.o(.text) refers to bsp.o(.text) for BSP_Init
    main.o(.text) refers to misc.o(.text) for NVIC_SetVectorTable
    main.o(.text) refers to os_core.o(.text) for OSInit
    main.o(.text) refers to main.o(.data) for .data
    main.o(.text) refers to sapp.o(.data) for sappItfType
    main.o(.text) refers to sapp.o(.constdata) for sbRxBuf
    main.o(.text) refers to main.o(.bss) for .bss
    stm32f4xx_it.o(.text) refers to os_cpu_a.o(.text) for OS_CPU_SR_Save
    stm32f4xx_it.o(.text) refers to os_core.o(.text) for OSTimeTick
    stm32f4xx_it.o(.text) refers to stm32f4xx_usart.o(.text) for USART_GetITStatus
    stm32f4xx_it.o(.text) refers to serial.o(.text) for Serial_FillRcvBuf
    stm32f4xx_it.o(.text) refers to uartcmd.o(.text) for UartCmdPutData
    stm32f4xx_it.o(.text) refers to stm32f4xx_tim.o(.text) for TIM_GetITStatus
    stm32f4xx_it.o(.text) refers to timer_driver.o(.text) for TIM_event_handler
    stm32f4xx_it.o(.text) refers to stm32f4xx_exti.o(.text) for EXTI_ClearITPendingBit
    stm32f4xx_it.o(.text) refers to gpio.o(.text) for sensor_event_handler
    stm32f4xx_it.o(.text) refers to os_core.o(.data) for OSRunning
    stm32f4xx_it.o(.text) refers to serial.o(.bss) for Serial
    system_stm32f4xx.o(.text) refers to system_stm32f4xx.o(.data) for .data
    beep.o(.text) refers to gpio.o(.text) for stm32_gpio_cfgpin
    beep.o(.text) refers to timer.o(.text) for AddTimer
    dica.o(.text) refers to stm32f4xx_rcc.o(.text) for RCC_APB2PeriphClockCmd
    dica.o(.text) refers to gpio.o(.text) for stm32_gpio_cfgpin
    dica.o(.text) refers to dica.o(.constdata) for .constdata
    relay.o(.text) refers to gpio.o(.text) for stm32_gpio_cfgpin
    relay.o(.text) refers to memseta.o(.text) for __aeabi_memclr4
    relay.o(.text) refers to system_time.o(.text) for system_timeout
    relay.o(.text) refers to relay.o(.constdata) for .constdata
    relay.o(.text) refers to relay.o(.bss) for .bss
    printf.o(.text) refers to stm32f4xx_usart.o(.text) for USART_SendData
    uartcmd.o(.text) refers to sapp.o(.text) for SHZNAPP_SerialParse
    uartcmd.o(.text) refers to common.o(.text) for HAL_SYSTEM_RESET
    uartcmd.o(.text) refers to serial_driver.o(.text) for STM_EVAL_COMInit
    uartcmd.o(.text) refers to misc.o(.text) for NVIC_Init
    uartcmd.o(.text) refers to stm32f4xx_usart.o(.text) for USART_ITConfig
    uartcmd.o(.text) refers to memseta.o(.text) for __aeabi_memclr4
    uartcmd.o(.text) refers to memcpya.o(.text) for __aeabi_memcpy
    uartcmd.o(.text) refers to strlen.o(.text) for strlen
    uartcmd.o(.text) refers to printfa.o(i.__0vsprintf) for vsprintf
    uartcmd.o(.text) refers to sapp.o(.data) for sappFlags
    uartcmd.o(.text) refers to uartcmd.o(.bss) for .bss
    uartcmd.o(.text) refers to sapp.o(.constdata) for sbTxBuf
    uartcmd.o(.text) refers to uartcmd.o(.data) for .data
    config.o(.text) refers to osal_snv.o(.text) for osal_snv_write
    config.o(.text) refers to memcpya.o(.text) for __aeabi_memcpy
[...]
    AddTimer                                 0x0801bb7d   Thumb Code    94  timer.o(.text)
    TimerProc                                0x0801bbdb   Thumb Code    98  timer.o(.text)
    VOS_logger                               0x0801bc45   Thumb Code    42  voslog.o(.text)
    VOS_SetLogLevel                          0x0801bc6f   Thumb Code    10  voslog.o(.text)
    sys_arch_timeouts                        0x0801bca9   Thumb Code     4  system_time.o(.text)
    __system_untimeout                       0x0801bcad   Thumb Code    50  system_time.o(.text)
    system_untimeout                         0x0801bcdf   Thumb Code    30  system_time.o(.text)
    __system_timeout                         0x0801bcfd   Thumb Code    66  system_time.o(.text)
    system_timeout                           0x0801bd3f   Thumb Code    58  system_time.o(.text)
    system_time_match                        0x0801bd79   Thumb Code    24  system_time.o(.text)
    system_time_ticking                      0x0801bd91   Thumb Code    28  system_time.o(.text)
    system_time_proc                         0x0801bdad   Thumb Code    62  system_time.o(.text)
    system_inittime                          0x0801bdeb   Thumb Code     8  system_time.o(.text)
    Att_value_split_list                     0x0801bdf9   Thumb Code    68  help.o(.text)
    Att_value_split                          0x0801be3d   Thumb Code    36  help.o(.text)
    Att_value_count                          0x0801be61   Thumb Code    30  help.o(.text)
    Att_value_replace                        0x0801be7f   Thumb Code    34  help.o(.text)
    att_helper_trim                          0x0801bea1   Thumb Code    68  help.o(.text)
    Att_value_parse                          0x0801bee5   Thumb Code    44  help.o(.text)
    Att_latof                                0x0801bf11   Thumb Code   266  help.o(.text)
    Att_latoi                                0x0801c01b   Thumb Code    84  help.o(.text)
    Att_latodate                             0x0801c06f   Thumb Code   242  help.o(.text)
    SysTick_Configuration                    0x0801c16d   Thumb Code    84  bsp.o(.text)
    BSP_Init                                 0x0801c1c1   Thumb Code    54  bsp.o(.text)
    BSP_IntDisAll                            0x0801c1f7   Thumb Code     2  bsp.o(.text)
    SysTick_DelayUs                          0x0801c1f9   Thumb Code    62  bsp.o(.text)
    SysTick_DelayMs                          0x0801c237   Thumb Code    44  bsp.o(.text)
    halAssertHandler                         0x0801c291   Thumb Code     2  hal_assert.o(.text)
    halAssertHazardLights                    0x0801c293   Thumb Code     2  hal_assert.o(.text)
    osal_snv_reset                           0x0801c4f9   Thumb Code    40  osal_snv.o(.text)
    osal_snv_init                            0x0801c521   Thumb Code    20  osal_snv.o(.text)
    osal_snv_write                           0x0801c535   Thumb Code   210  osal_snv.o(.text)
    osal_snv_read                            0x0801c607   Thumb Code    40  osal_snv.o(.text)
    osal_snv_compact                         0x0801c62f   Thumb Code    46  osal_snv.o(.text)
    RTC_InitBackupRegister                   0x0801c6f9   Thumb Code    24  rtc_driver.o(.text)
    RTC_ReadBackup                           0x0801c711   Thumb Code    80  rtc_driver.o(.text)
    RTC_WriteBackup                          0x0801c761   Thumb Code    98  rtc_driver.o(.text)
    RTC_Get_Week                             0x0801c7c3   Thumb Code    78  rtc_driver.o(.text)
    RTC_Set_Date                             0x0801c811   Thumb Code    28  rtc_driver.o(.text)
    RTC_Set_Time                             0x0801c82d   Thumb Code    28  rtc_driver.o(.text)
    Is_Leap_Year                             0x0801c849   Thumb Code    38  rtc_driver.o(.text)
    RTC_Set                                  0x0801c86f   Thumb Code   114  rtc_driver.o(.text)
    RTC_Config                               0x0801c8e1   Thumb Code   176  rtc_driver.o(.text)
    RTC_Calc_Second                          0x0801c991   Thumb Code   158  rtc_driver.o(.text)
    RTC_Get_Helper                           0x0801ca2f   Thumb Code   234  rtc_driver.o(.text)
    RTC_Get_Second                           0x0801cb19   Thumb Code    58  rtc_driver.o(.text)
    RTC_Get                                  0x0801cb53   Thumb Code    16  rtc_driver.o(.text)
    RTC_Get_ShortSecond                      0x0801cb63   Thumb Code    48  rtc_driver.o(.text)
    STM_EVAL_COMInit                         0x0801cb99   Thumb Code   212  serial_driver.o(.text)
    TIM_Init_CMP                             0x0801cc71   Thumb Code   284  timer_driver.o(.text)
    TIM_Init_PWM                             0x0801cd8d   Thumb Code   590  timer_driver.o(.text)
    TIM_PwmStart                             0x0801cfdb   Thumb Code    26  timer_driver.o(.text)
    TIM_PwmStop                              0x0801cff5   Thumb Code    32  timer_driver.o(.text)
    TIM_Init_General                         0x0801d015   Thumb Code   260  timer_driver.o(.text)
    TIM_Init_ETR                             0x0801d119   Thumb Code   462  timer_driver.o(.text)
    TIM_SwitchOuputMode                      0x0801d2e7   Thumb Code    36  timer_driver.o(.text)
    TIM_InstallHandler                       0x0801d30b   Thumb Code    50  timer_driver.o(.text)
    TIM_UninstallHandler                     0x0801d33d   Thumb Code    34  timer_driver.o(.text)
    TIM_event_handler                        0x0801d35f   Thumb Code    30  timer_driver.o(.text)
    FLASH_PagesMask                          0x0801d395   Thumb Code     4  common.o(.text)
    FLASH_DisableWriteProtectionPages        0x0801d399   Thumb Code     2  common.o(.text)
    FLASH_Prepare                            0x0801d39b   Thumb Code     2  common.o(.text)
    HAL_SYSTEM_RESET                         0x0801d39d   Thumb Code    24  common.o(.text)
    checkRC                                  0x0801d3b5   Thumb Code    22  common.o(.text)
    GetDeviceElecId                          0x0801d3cb   Thumb Code    26  common.o(.text)
    CmpDeviceElecId                          0x0801d3e5   Thumb Code    38  common.o(.text)
    HashDeviceElecId                         0x0801d40b   Thumb Code    24  common.o(.text)
    Flash_IsProtected                        0x0801d423   Thumb Code    12  common.o(.text)
    IWDG_Init                                0x0801d449   Thumb Code    50  iwdg_driver.o(.text)
    IWDG_Feed                                0x0801d47b   Thumb Code     4  iwdg_driver.o(.text)
    IWDG_Stop                                0x0801d47f   Thumb Code     6  iwdg_driver.o(.text)
    IWDG_Start                               0x0801d485   Thumb Code    20  iwdg_driver.o(.text)
    main_printhex                            0x0801d499   Thumb Code    34  mfddriver.o(.text)
    sysDelayUs                               0x0801d4bb   Thumb Code    56  mfddriver.o(.text)
    mfd_readmfd                              0x0801d5f7   Thumb Code    84  mfddriver.o(.text)
    mfd_readid                               0x0801d64b   Thumb Code   112  mfddriver.o(.text)
    mfd_PageWrite                            0x0801d6bb   Thumb Code    74  mfddriver.o(.text)
    mfd_read                                 0x0801d705   Thumb Code   104  mfddriver.o(.text)
    mfd_isPresent                            0x0801d76d   Thumb Code     6  mfddriver.o(.text)
    encryption                               0x0801d773   Thumb Code    44  mfddriver.o(.text)
    read_mfd                                 0x0801d79f   Thumb Code    94  mfddriver.o(.text)
    write_mfd                                0x0801d7fd   Thumb Code   104  mfddriver.o(.text)
    mfd_EnableDebug                          0x0801d865   Thumb Code     6  mfddriver.o(.text)
    mfd_Init                                 0x0801d86b   Thumb Code   224  mfddriver.o(.text)
    clust2sect                               0x0801db57   Thumb Code    24  ff.o(.text)
    get_fat                                  0x0801db6f   Thumb Code   180  ff.o(.text)
    put_fat                                  0x0801dc23   Thumb Code   248  ff.o(.text)
    dir_sdi                                  0x0801de3b   Thumb Code   124  ff.o(.text)
    f_mount                                  0x0801ea33   Thumb Code    72  ff.o(.text)
    f_open                                   0x0801ea7b   Thumb Code   382  ff.o(.text)
    f_read                                   0x0801ebf9   Thumb Code   338  ff.o(.text)
    f_write                                  0x0801ed4b   Thumb Code   392  ff.o(.text)
    f_sync                                   0x0801eed3   Thumb Code   152  ff.o(.text)
    f_close                                  0x0801ef6b   Thumb Code    28  ff.o(.text)
    f_lseek                                  0x0801ef87   Thumb Code   532  ff.o(.text)
    f_opendir                                0x0801f19b   Thumb Code   128  ff.o(.text)
    f_closedir                               0x0801f21b   Thumb Code    18  ff.o(.text)
    f_readdir                                0x0801f22d   Thumb Code   116  ff.o(.text)
    f_stat                                   0x0801f2a1   Thumb Code    86  ff.o(.text)
    f_getfree                                0x0801f2f7   Thumb Code   192  ff.o(.text)
    f_truncate                               0x0801f3b7   Thumb Code   176  ff.o(.text)
    f_unlink                                 0x0801f467   Thumb Code   188  ff.o(.text)
    f_mkdir                                  0x0801f523   Thumb Code   372  ff.o(.text)
    f_chmod                                  0x0801f697   Thumb Code   106  ff.o(.text)
    f_utime                                  0x0801f701   Thumb Code   108  ff.o(.text)
    f_rename                                 0x0801f76d   Thumb Code   292  ff.o(.text)
    f_getlabel                               0x0801f891   Thumb Code   146  ff.o(.text)
    f_setlabel                               0x0801f923   Thumb Code   346  ff.o(.text)
    f_mkfs                                   0x0801fa7d   Thumb Code  1312  ff.o(.text)
    f_gets                                   0x0801ff9d   Thumb Code    68  ff.o(.text)
    f_putc                                   0x0802001b   Thumb Code    60  ff.o(.text)
    f_puts                                   0x08020057   Thumb Code    72  ff.o(.text)
    f_printf                                 0x0802009f   Thumb Code   516  ff.o(.text)
    NVIC_Configuration                       0x080203a1   Thumb Code    64  adc.o(.text)
    TIM2_Handler                             0x080203e1   Thumb Code    48  adc.o(.text)
    TIM2_Configuration                       0x08020411   Thumb Code    34  adc.o(.text)
    ADC_Meas_Init                            0x08020433   Thumb Code   108  adc.o(.text)
    Oversampling_GetConversion               0x0802049f   Thumb Code    72  adc.o(.text)
    GetAdcData                               0x080204e7   Thumb Code    18  adc.o(.text)
    PidAdcProcess                            0x080204f9   Thumb Code     6  adc.o(.text)
    ADC_IRQHandler                           0x080204ff   Thumb Code    26  adc.o(.text)
    DMA2_Stream0_IRQHandler                  0x08020519   Thumb Code    54  adc.o(.text)
    hal_SPI1_CS_LOW                          0x08020571   Thumb Code    16  ad7799.o(.text)
    hal_SPI1_CS_HIGH                         0x08020581   Thumb Code    16  ad7799.o(.text)
    AD7799_ReadAdc                           0x08020779   Thumb Code   158  ad7799.o(.text)
    AD7799_Init                              0x08020817   Thumb Code   142  ad7799.o(.text)
    appForceBoot                             0x080208fd   Thumb Code    28  sbl_app.o(.text)
    App_TaskCreateHook                       0x08020919   Thumb Code     2  os_cpu_c.o(.text)
    App_TaskDelHook                          0x0802091b   Thumb Code     2  os_cpu_c.o(.text)
    App_TaskStatHook                         0x0802091f   Thumb Code     2  os_cpu_c.o(.text)
    App_TaskSwHook                           0x08020921   Thumb Code     2  os_cpu_c.o(.text)
    App_TCBInitHook                          0x08020923   Thumb Code     2  os_cpu_c.o(.text)
    OSInitHookBegin                          0x08020927   Thumb Code     2  os_cpu_c.o(.text)
    OSInitHookEnd                            0x08020929   Thumb Code     2  os_cpu_c.o(.text)
    OSTaskCreateHook                         0x0802092b   Thumb Code     8  os_cpu_c.o(.text)
    OSTaskDelHook                            0x08020933   Thumb Code     8  os_cpu_c.o(.text)
    OSTaskIdleHook                           0x0802093b   Thumb Code     8  os_cpu_c.o(.text)
    OSTaskStatHook                           0x08020943   Thumb Code     8  os_cpu_c.o(.text)
    OSTaskStkInit                            0x0802094b   Thumb Code   288  os_cpu_c.o(.text)
    OSTaskSwHook                             0x08020a6b   Thumb Code     8  os_cpu_c.o(.text)
    OSTCBInitHook                            0x08020a73   Thumb Code     8  os_cpu_c.o(.text)
    OSTimeTickHook                           0x08020a7b   Thumb Code     8  os_cpu_c.o(.text)
    OSFlagAccept                             0x08020a85   Thumb Code   166  os_flag.o(.text)
    OSFlagCreate                             0x08020b2b   Thumb Code    72  os_flag.o(.text)
    OS_FlagUnlink                            0x08020b73   Thumb Code    32  os_flag.o(.text)
    OSFlagDel                                0x08020bdb   Thumb Code   196  os_flag.o(.text)
    OSFlagNameGet                            0x08020c9f   Thumb Code    88  os_flag.o(.text)
    OSFlagNameSet                            0x08020cf7   Thumb Code   100  os_flag.o(.text)
    OSFlagPend                               0x08020db1   Thumb Code   380  os_flag.o(.text)
    OSFlagPendGetFlagsRdy                    0x08020f2d   Thumb Code    20  os_flag.o(.text)
    OSFlagPost                               0x08020f41   Thumb Code   188  os_flag.o(.text)
    OSFlagQuery                              0x08020ffd   Thumb Code    46  os_flag.o(.text)
    OS_FlagInit                              0x0802102b   Thumb Code    64  os_flag.o(.text)
    OSMemCreate                              0x08021079   Thumb Code   122  os_mem.o(.text)
    OSMemGet                                 0x080210f3   Thumb Code    64  os_mem.o(.text)
    OSMemNameGet                             0x08021133   Thumb Code    70  os_mem.o(.text)
    OSMemNameSet                             0x08021179   Thumb Code    84  os_mem.o(.text)
    OSMemPut                                 0x080211cd   Thumb Code    58  os_mem.o(.text)
    OSMemQuery                               0x08021207   Thumb Code    58  os_mem.o(.text)
    OS_MemInit                               0x08021241   Thumb Code    58  os_mem.o(.text)
    OSQAccept                                0x08021289   Thumb Code    86  os_q.o(.text)
    OSQCreate                                0x080212df   Thumb Code   122  os_q.o(.text)
    OSQDel                                   0x08021359   Thumb Code   238  os_q.o(.text)
    OSQFlush                                 0x08021447   Thumb Code    48  os_q.o(.text)
    OSQPend                                  0x08021477   Thumb Code   204  os_q.o(.text)
    OSQPendAbort                             0x08021543   Thumb Code   116  os_q.o(.text)
    OSQPost                                  0x080215b7   Thumb Code   112  os_q.o(.text)
    OSQPostFront                             0x08021627   Thumb Code   110  os_q.o(.text)
    OSQPostOpt                               0x08021695   Thumb Code   188  os_q.o(.text)
    OSQQuery                                 0x08021751   Thumb Code    94  os_q.o(.text)
    OS_QInit                                 0x080217af   Thumb Code    44  os_q.o(.text)
    InitMem                                  0x080217e5   Thumb Code   152  memory.o(.text)
    AllocMem                                 0x0802187d   Thumb Code    98  memory.o(.text)
    FreeMem                                  0x080218df   Thumb Code    48  memory.o(.text)
    MemCheck                                 0x0802190f   Thumb Code     2  memory.o(.text)
    VOS_CreateSem                            0x0802191d   Thumb Code    24  vos.o(.text)
    VOS_SemP                                 0x08021935   Thumb Code    16  vos.o(.text)
    VOS_SemV                                 0x08021945   Thumb Code    24  vos.o(.text)
    VOS_DestroySem                           0x0802195d   Thumb Code    20  vos.o(.text)
    Version_CopyrightPins                    0x08021971   Thumb Code    58  version.o(.text)
    Version_Copyright                        0x080219ab   Thumb Code     2  version.o(.text)
    ADC_DMA_Configuration_ex                 0x080219b1   Thumb Code   256  adc_driver.o(.text)
    ADC_DMA_Configuration                    0x08021ab1   Thumb Code    14  adc_driver.o(.text)
    HalFlashRead                             0x08021ad1   Thumb Code    38  hal_flash.o(.text)
    HalFlashWrite                            0x08021af7   Thumb Code    72  hal_flash.o(.text)
    HalFlashWritePage                        0x08021b3f   Thumb Code   204  hal_flash.o(.text)
    HalFlashErase                            0x08021c0b   Thumb Code    46  hal_flash.o(.text)
    HalFlashErasePage                        0x08021c39   Thumb Code    28  hal_flash.o(.text)
    HalFlashGetSector                        0x08021c55   Thumb Code   130  hal_flash.o(.text)
    HalFlashGetSize                          0x08021cd7   Thumb Code    40  hal_flash.o(.text)
    HalFlashCheckPage                        0x08021cff   Thumb Code   132  hal_flash.o(.text)
    HalGetPageAddress                        0x08021d83   Thumb Code    24  hal_flash.o(.text)
    hal_SPI2_CS_LOW                          0x08021de5   Thumb Code     2  hal_spi_driver.o(.text)
    hal_SPI2_CS_HIGH                         0x08021de7   Thumb Code     2  hal_spi_driver.o(.text)
    hal_SPI2_LowLevel_DeInit                 0x08021de9   Thumb Code    72  hal_spi_driver.o(.text)
    hal_SPI2_LowLevel_Init                   0x08021e31   Thumb Code   108  hal_spi_driver.o(.text)
    hal_SPI2_DeInit                          0x08021e9d   Thumb Code     2  hal_spi_driver.o(.text)
    hal_SPI2_SendByte                        0x08021e9f   Thumb Code    48  hal_spi_driver.o(.text)
    hal_SPI2_ReadByte                        0x08021ecf   Thumb Code     4  hal_spi_driver.o(.text)
    hal_SPI2_State                           0x08021ed3   Thumb Code    12  hal_spi_driver.o(.text)
    hal_SPI2_GetDin                          0x08021edf   Thumb Code     4  hal_spi_driver.o(.text)
    hal_SPI2_Init                            0x08021ee3   Thumb Code    90  hal_spi_driver.o(.text)
    hal_SPI1_LowLevel_DeInit                 0x08021f3d   Thumb Code    72  hal_spi_driver.o(.text)
    hal_SPI1_LowLevel_Init                   0x08021f85   Thumb Code   108  hal_spi_driver.o(.text)
    hal_SPI1_DeInit                          0x08021ff1   Thumb Code     2  hal_spi_driver.o(.text)
    hal_SPI1_SendByte                        0x08021ff3   Thumb Code    48  hal_spi_driver.o(.text)
    hal_SPI1_ReadByte                        0x08022027   Thumb Code     4  hal_spi_driver.o(.text)
    hal_SPI1_State                           0x0802202b   Thumb Code    12  hal_spi_driver.o(.text)
    hal_SPI1_GetDin                          0x08022037   Thumb Code     4  hal_spi_driver.o(.text)
    hal_SPI1_Init                            0x0802203b   Thumb Code    88  hal_spi_driver.o(.text)
    hal_spi_Init                             0x08022093   Thumb Code   116  hal_spi_driver.o(.text)
    CopyRight_Init                           0x08022125   Thumb Code    22  copyright.o(.text)
    CopyRight_return_type                    0x0802213b   Thumb Code    86  copyright.o(.text)
    CopyRight_VersionCheck                   0x08022191   Thumb Code    14  copyright.o(.text)
    mAD7799_Init                             0x080221a9   Thumb Code     6  ad7799_multi_driver.o(.text)
    mAD7799_Write_Bytes_Helper               0x080221af   Thumb Code    34  ad7799_multi_driver.o(.text)
    mAD7799_Read_Bytes_Helper                0x080221d1   Thumb Code    30  ad7799_multi_driver.o(.text)
    mAD7799_Write_Bytes                      0x080221ef   Thumb Code    40  ad7799_multi_driver.o(.text)
    mAD7799_Read_Bytes                       0x08022217   Thumb Code    40  ad7799_multi_driver.o(.text)
    mAD7799_ReadRegEx                        0x0802223f   Thumb Code    66  ad7799_multi_driver.o(.text)
    mAD7799_ReadReg                          0x08022281   Thumb Code    16  ad7799_multi_driver.o(.text)
    mAD7799_WriteRegEx                       0x08022291   Thumb Code    52  ad7799_multi_driver.o(.text)
    mAD7799_WriteReg                         0x080222c5   Thumb Code    16  ad7799_multi_driver.o(.text)
    mAD7799_WaitBusy                         0x080222d5   Thumb Code    64  ad7799_multi_driver.o(.text)
    mAD7799_Cs                               0x08022315   Thumb Code    14  ad7799_multi_driver.o(.text)
    mAD7799_GetBusyState                     0x08022323   Thumb Code     8  ad7799_multi_driver.o(.text)
    mAD7799_Calibrate                        0x0802232b   Thumb Code    96  ad7799_multi_driver.o(.text)
    mAD7799_Reset                            0x0802238b   Thumb Code    18  ad7799_multi_driver.o(.text)
    disk_initialize                          0x080223a9   Thumb Code    16  diskio.o(.text)
    disk_status                              0x080223b9   Thumb Code     4  diskio.o(.text)
    disk_read                                0x080223bd   Thumb Code    54  diskio.o(.text)
    disk_write                               0x080223f3   Thumb Code    54  diskio.o(.text)
    disk_ioctl                               0x08022429   Thumb Code    64  diskio.o(.text)
    get_fattime                              0x08022469   Thumb Code     4  diskio.o(.text)
    ff_memalloc                              0x0802246d   Thumb Code     6  diskio.o(.text)
    ff_memfree                               0x08022473   Thumb Code     4  diskio.o(.text)
    ff_convert                               0x0802247d   Thumb Code    68  cc936.o(.text)
    ff_wtoupper                              0x080224c1   Thumb Code    28  cc936.o(.text)
    OSSemAccept                              0x080224ed   Thumb Code    36  os_sem.o(.text)
    OSSemCreate                              0x08022511   Thumb Code    64  os_sem.o(.text)
    OSSemDel                                 0x08022551   Thumb Code   210  os_sem.o(.text)
    OSSemPend                                0x08022623   Thumb Code   168  os_sem.o(.text)
    OSSemPendAbort                           0x080226cb   Thumb Code   118  os_sem.o(.text)
    OSSemPost                                0x08022741   Thumb Code    88  os_sem.o(.text)
    OSSemQuery                               0x08022799   Thumb Code    78  os_sem.o(.text)
    OSSemSet                                 0x080227e7   Thumb Code    60  os_sem.o(.text)
    SDIO_Register_Deinit                     0x08022835   Thumb Code    46  sdio_sdcard.o(.text)
    SD_SetDeviceMode                         0x08022863   Thumb Code    20  sdio_sdcard.o(.text)
    SDIO_Clock_Set                           0x08022877   Thumb Code    16  sdio_sdcard.o(.text)
    CmdResp1Error                            0x08022887   Thumb Code    86  sdio_sdcard.o(.text)
    FindSCR                                  0x080228dd   Thumb Code   304  sdio_sdcard.o(.text)
    SDEnWideBus                              0x08022a0d   Thumb Code   120  sdio_sdcard.o(.text)
    SD_EnableWideBusOperation                0x08022a85   Thumb Code    68  sdio_sdcard.o(.text)
    SD_SelectDeselect                        0x08022ac9   Thumb Code    40  sdio_sdcard.o(.text)
    SD_GetCardInfo                           0x08022af1   Thumb Code   536  sdio_sdcard.o(.text)
    CmdResp2Error                            0x08022d09   Thumb Code    66  sdio_sdcard.o(.text)
    CmdResp6Error                            0x08022d4b   Thumb Code   118  sdio_sdcard.o(.text)
    SD_InitializeCards                       0x08022dc1   Thumb Code   272  sdio_sdcard.o(.text)
    CmdResp3Error                            0x08022ed1   Thumb Code    42  sdio_sdcard.o(.text)
    CmdResp7Error                            0x08022efb   Thumb Code    54  sdio_sdcard.o(.text)
    CmdError                                 0x08022f31   Thumb Code    42  sdio_sdcard.o(.text)
    SD_PowerON                               0x08022f5b   Thumb Code   356  sdio_sdcard.o(.text)
    SD_Init                                  0x080230bf   Thumb Code   262  sdio_sdcard.o(.text)
    SD_PowerOFF                              0x080231c5   Thumb Code    12  sdio_sdcard.o(.text)
    SD_DMA_Config                            0x080231d1   Thumb Code   114  sdio_sdcard.o(.text)
    convert_from_bytes_to_power_of_two       0x08023243   Thumb Code    18  sdio_sdcard.o(.text)
    SD_ReadBlock                             0x08023255   Thumb Code   530  sdio_sdcard.o(.text)
    SD_ReadMultiBlocks                       0x08023467   Thumb Code   632  sdio_sdcard.o(.text)
    IsCardProgramming                        0x080236df   Thumb Code   128  sdio_sdcard.o(.text)
    SD_WriteBlock                            0x0802375f   Thumb Code   744  sdio_sdcard.o(.text)
    SD_WriteMultiBlocks                      0x08023a47   Thumb Code   786  sdio_sdcard.o(.text)
    SD_ProcessIRQSrc                         0x08023d59   Thumb Code   226  sdio_sdcard.o(.text)
    SDIO_IRQHandler                          0x08023e3b   Thumb Code     2  sdio_sdcard.o(.text)
    SD_SendStatus                            0x08023e3d   Thumb Code    64  sdio_sdcard.o(.text)
    SD_GetState                              0x08023e7d   Thumb Code    26  sdio_sdcard.o(.text)
    SD_ReadDisk                              0x08023e97   Thumb Code   114  sdio_sdcard.o(.text)
    SD_WriteDisk                             0x08023f09   Thumb Code   106  sdio_sdcard.o(.text)
    __aeabi_ldivmod                          0x08023f85   Thumb Code    98  ldiv.o(.text)
    __aeabi_memcpy                           0x08023fe7   Thumb Code    36  memcpya.o(.text)
    __aeabi_memcpy4                          0x08023fe7   Thumb Code     0  memcpya.o(.text)
    __aeabi_memcpy8                          0x08023fe7   Thumb Code     0  memcpya.o(.text)
    __aeabi_memset                           0x0802400b   Thumb Code    14  memseta.o(.text)
    __aeabi_memset4                          0x0802400b   Thumb Code     0  memseta.o(.text)
    __aeabi_memset8                          0x0802400b   Thumb Code     0  memseta.o(.text)
    __aeabi_memclr                           0x08024019   Thumb Code     4  memseta.o(.text)
    __aeabi_memclr4                          0x08024019   Thumb Code     0  memseta.o(.text)
    __aeabi_memclr8                          0x08024019   Thumb Code     0  memseta.o(.text)
    _memset$wrapper                          0x0802401d   Thumb Code    18  memseta.o(.text)
    strchr                                   0x0802402f   Thumb Code    20  strchr.o(.text)
    strlen                                   0x08024043   Thumb Code    14  strlen.o(.text)
    strcmp                                   0x08024051   Thumb Code    28  strcmp.o(.text)
    memcmp                                   0x0802406d   Thumb Code    26  memcmp.o(.text)
    strcpy                                   0x08024087   Thumb Code    18  strcpy.o(.text)
    strncmp                                  0x08024099   Thumb Code    30  strncmp.o(.text)
    __0sscanf                                0x080240b9   Thumb Code    48  __0sscanf.o(.text)
    _scanf_int                               0x080240f1   Thumb Code   332  _scanf_int.o(.text)
    atoi                                     0x0802423d   Thumb Code    26  atoi.o(.text)
    __aeabi_dadd                             0x08024257   Thumb Code   322  dadd.o(.text)
    __aeabi_dsub                             0x08024399   Thumb Code     6  dadd.o(.text)
    __aeabi_drsub                            0x0802439f   Thumb Code     6  dadd.o(.text)
    __aeabi_dmul                             0x080243a5   Thumb Code   228  dmul.o(.text)
    __aeabi_ddiv                             0x08024489   Thumb Code   222  ddiv.o(.text)
    __aeabi_ui2d                             0x08024567   Thumb Code    26  dfltui.o(.text)
    __aeabi_d2iz                             0x08024581   Thumb Code    62  dfixi.o(.text)
    __aeabi_f2d                              0x080245bf   Thumb Code    38  f2d.o(.text)
    __aeabi_cdcmpeq                          0x080245e5   Thumb Code     0  cdcmple.o(.text)
    __aeabi_cdcmple                          0x080245e5   Thumb Code    48  cdcmple.o(.text)
    __aeabi_cdrcmple                         0x08024615   Thumb Code    48  cdrcmple.o(.text)
    __aeabi_d2f                              0x08024645   Thumb Code    56  d2f.o(.text)
    __aeabi_uidiv                            0x0802467d   Thumb Code     0  uidiv.o(.text)
    __aeabi_uidivmod                         0x0802467d   Thumb Code    44  uidiv.o(.text)
    __aeabi_uldivmod                         0x080246a9   Thumb Code    98  uldiv.o(.text)
    __aeabi_llsl                             0x0802470b   Thumb Code    30  llshl.o(.text)
    _ll_shift_l                              0x0802470b   Thumb Code     0  llshl.o(.text)
    __aeabi_llsr                             0x08024729   Thumb Code    32  llushr.o(.text)
    _ll_ushift_r                             0x08024729   Thumb Code     0  llushr.o(.text)
    __aeabi_lasr                             0x08024749   Thumb Code    36  llsshr.o(.text)
    _ll_sshift_r                             0x08024749   Thumb Code     0  llsshr.o(.text)
    _chval                                   0x0802476d   Thumb Code    28  _chval.o(.text)
    __vfscanf_char                           0x08024795   Thumb Code    20  scanf_char.o(.text)
    _sgetc                                   0x080247b1   Thumb Code    30  _sgetc.o(.text)
    _sbackspace                              0x080247cf   Thumb Code    34  _sgetc.o(.text)
    strtol                                   0x080247f1   Thumb Code   112  strtol.o(.text)
    __I$use$fp                               0x08024861   Thumb Code     0  iusefp.o(.text)
    _float_round                             0x08024861   Thumb Code    18  fepilogue.o(.text)
    _float_epilogue                          0x08024873   Thumb Code    92  fepilogue.o(.text)
    _double_round                            0x080248cf   Thumb Code    30  depilogue.o(.text)
    _double_epilogue                         0x080248ed   Thumb Code   156  depilogue.o(.text)
    __ARM_scalbn                             0x08024989   Thumb Code    46  dscalb.o(.text)
    scalbn                                   0x08024989   Thumb Code     0  dscalb.o(.text)
    __aeabi_i2d                              0x080249b7   Thumb Code    34  dflti.o(.text)
    __aeabi_d2ulz                            0x080249d9   Thumb Code    48  dfixul.o(.text)
    __scatterload                            0x08024a09   Thumb Code    28  init.o(.text)
    __scatterload_rt2                        0x08024a09   Thumb Code     0  init.o(.text)
    __rt_ctype_table                         0x08024a2d   Thumb Code     4  ctype_o.o(.text)
    isspace                                  0x08024a35   Thumb Code    18  isspace_o.o(.text)
    __vfscanf                                0x08024a49   Thumb Code   808  _scanf.o(.text)
    _strtoul                                 0x08024d75   Thumb Code   158  _strtoul.o(.text)
    _dsqrt                                   0x08024e13   Thumb Code   162  dsqrt.o(.text)
    __decompress                             0x08024eb5   Thumb Code     0  __dczerorl2.o(.text)
    __decompress1                            0x08024eb5   Thumb Code    86  __dczerorl2.o(.text)
    __0printf                                0x08024f0d   Thumb Code    22  printfa.o(i.__0printf)
    __1printf                                0x08024f0d   Thumb Code     0  printfa.o(i.__0printf)
    __2printf                                0x08024f0d   Thumb Code     0  printfa.o(i.__0printf)
    __c89printf                              0x08024f0d   Thumb Code     0  printfa.o(i.__0printf)
    printf                                   0x08024f0d   Thumb Code     0  printfa.o(i.__0printf)
    __0sprintf                               0x08024f2d   Thumb Code    34  printfa.o(i.__0sprintf)
    __1sprintf                               0x08024f2d   Thumb Code     0  printfa.o(i.__0sprintf)
    __2sprintf                               0x08024f2d   Thumb Code     0  printfa.o(i.__0sprintf)
    __c89sprintf                             0x08024f2d   Thumb Code     0  printfa.o(i.__0sprintf)
    sprintf                                  0x08024f2d   Thumb Code     0  printfa.o(i.__0sprintf)
    __0vprintf                               0x08024f55   Thumb Code     8  printfa.o(i.__0vprintf)
    __1vprintf                               0x08024f55   Thumb Code     0  printfa.o(i.__0vprintf)
    __2vprintf                               0x08024f55   Thumb Code     0  printfa.o(i.__0vprintf)
    __c89vprintf                             0x08024f55   Thumb Code     0  printfa.o(i.__0vprintf)
    vprintf                                  0x08024f55   Thumb Code     0  printfa.o(i.__0vprintf)
    __0vsprintf                              0x08024f65   Thumb Code    30  printfa.o(i.__0vsprintf)
    __1vsprintf                              0x08024f65   Thumb Code     0  printfa.o(i.__0vsprintf)
    __2vsprintf                              0x08024f65   Thumb Code     0  printfa.o(i.__0vsprintf)
    __c89vsprintf                            0x08024f65   Thumb Code     0  printfa.o(i.__0vsprintf)
    vsprintf                                 0x08024f65   Thumb Code     0  printfa.o(i.__0vsprintf)
    __ARM_fpclassify                         0x08024f89   Thumb Code    48  fpclassify.o(i.__ARM_fpclassify)
    __aeabi_errno_addr                       0x08024fb9   Thumb Code     4  errno.o(i.__aeabi_errno_addr)
    __rt_errno_addr                          0x08024fb9   Thumb Code     0  errno.o(i.__aeabi_errno_addr)
    __hardfp_fabs                            0x08024fc1   Thumb Code    20  fabs.o(i.__hardfp_fabs)
    __hardfp_log                             0x08024fd9   Thumb Code   872  log.o(i.__hardfp_log)
    __hardfp_pow                             0x080253a1   Thumb Code  3072  pow.o(i.__hardfp_pow)
    __kernel_poly                            0x08025ff1   Thumb Code   248  poly.o(i.__kernel_poly)
    __mathlib_dbl_divzero                    0x080260e9   Thumb Code    28  dunder.o(i.__mathlib_dbl_divzero)
    __mathlib_dbl_infnan                     0x08026119   Thumb Code    20  dunder.o(i.__mathlib_dbl_infnan)
    __mathlib_dbl_infnan2                    0x0802612d   Thumb Code    20  dunder.o(i.__mathlib_dbl_infnan2)
    __mathlib_dbl_invalid                    0x08026141   Thumb Code    24  dunder.o(i.__mathlib_dbl_invalid)
    __mathlib_dbl_overflow                   0x08026161   Thumb Code    24  dunder.o(i.__mathlib_dbl_overflow)
    __mathlib_dbl_underflow                  0x08026181   Thumb Code    24  dunder.o(i.__mathlib_dbl_underflow)
    __scatterload_copy                       0x080261a1   Thumb Code    14  handlers.o(i.__scatterload_copy)
    __scatterload_null                       0x080261af   Thumb Code     2  handlers.o(i.__scatterload_null)
    __scatterload_zeroinit                   0x080261b1   Thumb Code    14  handlers.o(i.__scatterload_zeroinit)
    __set_errno                              0x080261c1   Thumb Code     6  errno.o(i.__set_errno)
    fabs                                     0x08026a89   Thumb Code    24  fabs.o(i.fabs)
    sqrt                                     0x08026aa1   Thumb Code   110  sqrt.o(i.sqrt)
    inputs                                   0x08026b0e   Data           1  dica.o(.constdata)
    relays                                   0x08026b0f   Data          10  relay.o(.constdata)
    aRelayDefaults                           0x08026b19   Data          10  relay.o(.constdata)
    LocalCfgSize                             0x08026b23   Data           3  config.o(.constdata)
    version                                  0x08026b26   Data          20  config.o(.constdata)
    dtype                                    0x08026b3a   Data           9  config.o(.constdata)
    Serial_DataBits                          0x08026b44   Data           4  serial.o(.constdata)
    Serial_StopBits                          0x08026b48   Data           6  serial.o(.constdata)
    Serial_Parity                            0x08026b4e   Data           6  serial.o(.constdata)
    ascii_8x16                               0x08026bb8   Data        1536  font.o(.constdata)
    ASCII_12x24                              0x080271b8   Data        9216  font.o(.constdata)
    ascii_24x48                              0x080295b8   Data       13824  font.o(.constdata)
    codeGB_24                                0x0802cbb8   Data        8400  font.o(.constdata)
    codeGB_48                                0x0802ec88   Data        2910  font.o(.constdata)
    sbRxBuf                                  0x0802f7e8   Data           4  sapp.o(.constdata)
    sbTxBuf                                  0x0802f7ec   Data           4  sapp.o(.constdata)
    OSUnMapTbl                               0x0802f7f0   Data         256  os_core.o(.constdata)
    BackupRegs                               0x0802f8f0   Data          19  rtc_driver.o(.constdata)
    table_week                               0x0802f903   Data          12  rtc_driver.o(.constdata)
    mon_table                                0x0802f90f   Data          12  rtc_driver.o(.constdata)
    COM_USART                                0x0802f91c   Data          24  serial_driver.o(.constdata)
    COM_TX_PORT                              0x0802f934   Data          24  serial_driver.o(.constdata)
    COM_RX_PORT                              0x0802f94c   Data          24  serial_driver.o(.constdata)
    COM_USART_CLK                            0x0802f964   Data          24  serial_driver.o(.constdata)
    COM_TX_PORT_CLK                          0x0802f97c   Data          24  serial_driver.o(.constdata)
    COM_RX_PORT_CLK                          0x0802f994   Data          24  serial_driver.o(.constdata)
    COM_TX_PIN                               0x0802f9ac   Data          12  serial_driver.o(.constdata)
    COM_TX_SRC                               0x0802f9b8   Data          12  serial_driver.o(.constdata)
    COM_RX_PIN                               0x0802f9c4   Data          12  serial_driver.o(.constdata)
    COM_RX_SRC                               0x0802f9d0   Data          12  serial_driver.o(.constdata)
    COM_AF                                   0x0802f9dc   Data          12  serial_driver.o(.constdata)
    TIMER_IRQ                                0x0802f9e8   Data           8  timer_driver.o(.constdata)
    TIMER_IRQ_UP                             0x0802f9f0   Data           8  timer_driver.o(.constdata)
    TIMER_CLK                                0x0802f9f8   Data          16  timer_driver.o(.constdata)
    secret_key                               0x0802fa08   Data           9  mfddriver.o(.constdata)
    __mathlib_zero                           0x0805a7e8   Data           8  qnan.o(.constdata)
    __ctype_table                            0x0805a7f0   Data         129  ctype_o.o(.constdata)
    Region$$Table$$Base                      0x0805a8b0   Number         0  anon$$obj.o(Region$$Table)
    Region$$Table$$Limit                     0x0805a8d0   Number         0  anon$$obj.o(Region$$Table)
    gulSecond                                0x20000000   Data           4  main.o(.data)
    SystemCoreClock                          0x20000004   Data           4  system_stm32f4xx.o(.data)
    AHBPrescTable                            0x20000008   Data          16  system_stm32f4xx.o(.data)
    CanAddress                               0x2000001c   Data           2  config.o(.data)
    gusDeviceId                              0x2000001e   Data           2  config.o(.data)
    aDevType                                 0x20000020   Data           8  config.o(.data)
    gusOperMode                              0x20000028   Data           2  config.o(.data)
    key_toc                                  0x20000040   Data           4  display.o(.data)
    key_em                                   0x20000044   Data           4  display.o(.data)
    curFont                                  0x20000048   Data           4  display.o(.data)
    adcChlHeader                             0x20000050   Data           4  display.o(.data)
    aAdcPool                                 0x20000054   Data           4  display.o(.data)
    rectTime                                 0x20000058   Data           8  display.o(.data)
    RD_mode                                  0x20000064   Data           1  modbus.o(.data)
    work_mode                                0x20000065   Data           1  modbus.o(.data)
    ent_flg                                  0x20000066   Data           1  modbus.o(.data)
    Uart1flg                                 0x20000067   Data           1  modbus.o(.data)
    ES                                       0x20000068   Data           1  modbus.o(.data)
    ch2_Range_flg                            0x20000069   Data           1  modbus.o(.data)
    ch1_Range_flg                            0x2000006a   Data           1  modbus.o(.data)
    ch3_Range_flg                            0x2000006b   Data           1  modbus.o(.data)
    debug_range_flg                          0x2000006c   Data           1  modbus.o(.data)
    CRC_Reg                                  0x2000006e   Data           2  modbus.o(.data)
    MCRC_Reg                                 0x20000070   Data           2  modbus.o(.data)
    c2addat                                  0x20000072   Data           2  modbus.o(.data)
    c1addat                                  0x20000074   Data           2  modbus.o(.data)
    c3addat                                  0x20000076   Data           2  modbus.o(.data)
    t2addat                                  0x20000078   Data           2  modbus.o(.data)
    t1addat                                  0x2000007a   Data           2  modbus.o(.data)
    t3addat                                  0x2000007c   Data           2  modbus.o(.data)
    ch2_dbg_data_addr                        0x20000080   Data           4  modbus.o(.data)
    ch1_dbg_data_addr                        0x20000084   Data           4  modbus.o(.data)
    ch3_dbg_data_addr                        0x20000088   Data           4  modbus.o(.data)
    ch2_data_addr                            0x2000008c   Data           4  modbus.o(.data)
    ch1_data_addr                            0x20000090   Data           4  modbus.o(.data)
    ch3_data_addr                            0x20000094   Data           4  modbus.o(.data)
    Kcoef                                    0x20000098   Data           4  modbus.o(.data)
    Kp                                       0x2000009c   Data           4  modbus.o(.data)
    RT10k                                    0x200000a0   Data         214  modbus.o(.data)
    sappItfType                              0x20000190   Data           1  sapp.o(.data)
    sappItfPort                              0x20000191   Data           1  sapp.o(.data)
    sappTgtType                              0x20000192   Data           1  sapp.o(.data)
    sbFcs                                    0x20000193   Data           1  sapp.o(.data)
    sbIdx                                    0x20000194   Data           1  sapp.o(.data)
    sbLen                                    0x20000195   Data           1  sapp.o(.data)
    sappFlags                                0x20000197   Data           1  sapp.o(.data)
    OSIntNesting                             0x20000198   Data           1  os_core.o(.data)
    OSLockNesting                            0x20000199   Data           1  os_core.o(.data)
    OSPrioCur                                0x2000019a   Data           1  os_core.o(.data)
    OSPrioHighRdy                            0x2000019b   Data           1  os_core.o(.data)
    OSRdyGrp                                 0x2000019c   Data           1  os_core.o(.data)
    OSRunning                                0x2000019d   Data           1  os_core.o(.data)
    OSTaskCtr                                0x2000019e   Data           1  os_core.o(.data)
    OSCtxSwCtr                               0x200001a0   Data           4  os_core.o(.data)
    OSEventFreeList                          0x200001a4   Data           4  os_core.o(.data)
    OSIdleCtr                                0x200001a8   Data           4  os_core.o(.data)
    OSTCBCur                                 0x200001ac   Data           4  os_core.o(.data)
    OSTCBFreeList                            0x200001b0   Data           4  os_core.o(.data)
    OSTCBHighRdy                             0x200001b4   Data           4  os_core.o(.data)
    OSTCBList                                0x200001b8   Data           4  os_core.o(.data)
    OSTime                                   0x200001bc   Data           4  os_core.o(.data)
    OSRdyTbl                                 0x200001c0   Data           8  os_core.o(.data)
    OSFlagFreeList                           0x200001c8   Data           4  os_core.o(.data)
    OSMemFreeList                            0x200001cc   Data           4  os_core.o(.data)
    OSQFreeList                              0x200001d0   Data           4  os_core.o(.data)
    default_timeouts                         0x200002ec   Data           4  system_time.o(.data)
    TIMER_Def                                0x20000300   Data          16  timer_driver.o(.data)
    FlashProtection                          0x20000310   Data           4  common.o(.data)
    memStat                                  0x20000328   Data           2  memory.o(.data)
    _ctype                                   0x2000032a   Data         256  ctype.o(.data)
    TransferError                            0x20000433   Data           1  sdio_sdcard.o(.data)
    TransferEnd                              0x20000434   Data           1  sdio_sdcard.o(.data)
    __stdout                                 0x2000043c   Data           4  stdout.o(.data)
    aPulseCtrl                               0x20002c48   Data         320  relay.o(.bss)
    UartCmdStru                              0x20002d88   Data         520  uartcmd.o(.bss)
    Config_buff                              0x20002f90   Data        1024  config.o(.bss)
    gSerialNoCfg                             0x20003390   Data          10  config.o(.bss)
    gLocalCfg                                0x2000339a   Data         104  config.o(.bss)
    gAdmin                                   0x20003402   Data          34  config.o(.bss)
    Serial                                   0x2000343c   Data        2664  serial.o(.bss)
    Display                                  0x200042a0   Data         604  display.o(.bss)
    font24                                   0x200044fc   Data          16  display.o(.bss)
    font8                                    0x2000450c   Data          16  display.o(.bss)
    font48                                   0x2000451c   Data          16  display.o(.bss)
    aAdcChl                                  0x2000452c   Data          48  display.o(.bss)
    cmd                                      0x2000455c   Data           9  modbus.o(.bss)
    paramarray                               0x20004566   Data          90  modbus.o(.bss)
    SendReg                                  0x200045c0   Data           9  modbus.o(.bss)
    ch2_data                                 0x200045c9   Data          12  modbus.o(.bss)
    ch1_data                                 0x200045d5   Data          12  modbus.o(.bss)
    ch3_data                                 0x200045e1   Data          12  modbus.o(.bss)
    ch2_dbg_data                             0x200045ed   Data          16  modbus.o(.bss)
    ch1_dbg_data                             0x200045fd   Data          16  modbus.o(.bss)
    ch3_dbg_data                             0x2000460d   Data          16  modbus.o(.bss)
    sStorageRunTimeInfo                      0x20004620   Data          20  storage.o(.bss)
    fs                                       0x20004634   Data         560  storage.o(.bss)
    sUsrInfo                                 0x20004864   Data          40  storage.o(.bss)
    rpcBuf                                   0x20004954   Data         392  sapp.o(.bss)
    OSEventTbl                               0x20004adc   Data         864  os_core.o(.bss)
    OSTaskIdleStk                            0x20004e3c   Data        2048  os_core.o(.bss)
    OSTCBPrioTbl                             0x2000563c   Data         256  os_core.o(.bss)
    OSTCBTbl                                 0x2000573c   Data        1496  os_core.o(.bss)
    OSFlagTbl                                0x20005d14   Data         140  os_core.o(.bss)
    OSMemTbl                                 0x20005da0   Data         180  os_core.o(.bss)
    OSQTbl                                   0x20005e54   Data         192  os_core.o(.bss)
    EXTI_PORT                                0x20005f14   Data          64  gpio.o(.bss)
    aSensorHandler                           0x20005f54   Data         384  gpio.o(.bss)
    TimerArray                               0x200063a8   Data         192  timer.o(.bss)
    TimerIndex                               0x20006468   Data          16  timer.o(.bss)
    timer                                    0x20006478   Data          10  rtc_driver.o(.bss)
    aTimerHandler                            0x20006484   Data          64  timer_driver.o(.bss)
    memblock                                 0x20006530   Data        4000  memory.o(.bss)
    memIndex                                 0x200074d0   Data          40  memory.o(.bss)
    memOffset                                0x200074f8   Data          80  memory.o(.bss)
    SDCardInfo                               0x20007598   Data          88  sdio_sdcard.o(.bss)
    SDIO_DATA_BUFFER                         0x200075f0   Data         512  sdio_sdcard.o(.bss)
    __initial_sp                             0x20007bf0   Data           0  startup_stm32f40_41xxx.o(STACK)



==============================================================================

Memory Map of the image

  Image Entry point : 0x0800c001

  Load Region LR_IROM1 (Base: 0x08000000, Size: 0x000005cc, Max: 0x00004000, ABSOLUTE, COMPRESSED[0x00000360])

    Execution Region ER_IROM1 (Exec base: 0x08000000, Load base: 0x08000000, Size: 0x00000188, Max: 0x00004000, ABSOLUTE)

    Exec Addr    Load Addr    Size         Type   Attr      Idx    E Section Name        Object

    0x08000000   0x08000000   0x00000188   Data   RO         1017    RESET               startup_stm32f40_41xxx.o


    Execution Region RW_IRAM1 (Exec base: 0x20000000, Load base: 0x08000188, Size: 0x00007bf0, Max: 0x00020000, ABSOLUTE, COMPRESSED[0x000001d8])

    Exec Addr    Load Addr    Size         Type   Attr      Idx    E Section Name        Object

    0x20000000   COMPRESSED   0x00000004   Data   RW            5    .data               main.o
    0x20000004   COMPRESSED   0x00000014   Data   RW          377    .data               system_stm32f4xx.o
    0x20000018   COMPRESSED   0x00000004   Data   RW          562    .data               uartcmd.o
    0x2000001c   COMPRESSED   0x00000002   Data   RW          603    .data               config.o
    0x2000001e   COMPRESSED   0x0000000a   Data   RW          604    .data               config.o
    0x20000028   COMPRESSED   0x00000002   Data   RW          605    .data               config.o
    0x2000002a   COMPRESSED   0x00000002   PAD
    0x2000002c   COMPRESSED   0x00000034   Data   RW          714    .data               display.o
    0x20000060   COMPRESSED   0x00000001   Data   RW          783    .data               at.o
    0x20000061   COMPRESSED   0x00000003   PAD
    0x20000064   COMPRESSED   0x00000112   Data   RW          821    .data               modbus.o
    0x20000176   COMPRESSED   0x00000002   PAD
    0x20000178   COMPRESSED   0x00000008   Data   RW          958    .data               ble.o
    0x20000180   COMPRESSED   0x00000010   Data   RW         1065    .data               stm32f4xx_rcc.o
    0x20000190   COMPRESSED   0x00000008   Data   RW         1398    .data               STM32F4xxlib.lib(sapp.o)
    0x20000198   COMPRESSED   0x00000030   Data   RW         1586    .data               STM32F4xxlib.lib(os_core.o)
    0x200001c8   COMPRESSED   0x00000004   Data   RW         1587    .data               STM32F4xxlib.lib(os_core.o)
    0x200001cc   COMPRESSED   0x00000004   Data   RW         1588    .data               STM32F4xxlib.lib(os_core.o)
    0x200001d0   COMPRESSED   0x00000004   Data   RW         1589    .data               STM32F4xxlib.lib(os_core.o)
    0x200001d4   COMPRESSED   0x00000008   Data   RW         1679    .data               STM32F4xxlib.lib(gpio.o)
    0x200001dc   COMPRESSED   0x000000fc   Data   RW         1680    .data               STM32F4xxlib.lib(gpio.o)
    0x200002d8   COMPRESSED   0x00000002   Data   RW         1720    .data               STM32F4xxlib.lib(keyboard.o)
    0x200002da   COMPRESSED   0x00000002   PAD
    0x200002dc   COMPRESSED   0x00000008   Data   RW         1750    .data               STM32F4xxlib.lib(msg.o)
    0x200002e4   COMPRESSED   0x00000004   Data   RW         1815    .data               STM32F4xxlib.lib(task.o)
    0x200002e8   COMPRESSED   0x00000004   Data   RW         1869    .data               STM32F4xxlib.lib(voslog.o)
    0x200002ec   COMPRESSED   0x00000004   Data   RW         1895    .data               STM32F4xxlib.lib(system_time.o)
    0x200002f0   COMPRESSED   0x00000008   Data   RW         1940    .data               STM32F4xxlib.lib(bsp.o)
    0x200002f8   COMPRESSED   0x00000006   Data   RW         1993    .data               STM32F4xxlib.lib(osal_snv.o)
    0x200002fe   COMPRESSED   0x00000002   Data   RW         2023    .data               STM32F4xxlib.lib(rtc_driver.o)
    0x20000300   COMPRESSED   0x00000010   Data   RW         2114    .data               STM32F4xxlib.lib(timer_driver.o)
    0x20000310   COMPRESSED   0x00000004   Data   RW         2143    .data               STM32F4xxlib.lib(common.o)
    0x20000314   COMPRESSED   0x0000000c   Data   RW         2191    .data               STM32F4xxlib.lib(mfddriver.o)
    0x20000320   COMPRESSED   0x00000002   Data   RW         2231    .data               STM32F4xxlib.lib(ff.o)
    0x20000322   COMPRESSED   0x00000002   PAD
    0x20000324   COMPRESSED   0x00000004   Data   RW         2431    .data               0860210008WDMBUSERLIB.lib(ad7799.o)
    0x20000328   COMPRESSED   0x00000002   Data   RW         2591    .data               STM32F4xxlib.lib(memory.o)
    0x2000032a   COMPRESSED   0x00000100   Data   RW         2638    .data               STM32F4xxlib.lib(ctype.o)
    0x2000042a   COMPRESSED   0x00000001   Data   RW         2739    .data               STM32F4xxlib.lib(copyright.o)
    0x2000042b   COMPRESSED   0x00000001   PAD
    0x2000042c   COMPRESSED   0x00000004   Data   RW         2758    .data               STM32F4xxlib.lib(ad7799_multi_driver.o)
    0x20000430   COMPRESSED   0x0000000c   Data   RW         2861    .data               STM32F4xxlib.lib(sdio_sdcard.o)
    0x2000043c   COMPRESSED   0x00000004   Data   RW         3272    .data               mc_w.l(stdout.o)
    0x20000440   COMPRESSED   0x00000004   Data   RW         3286    .data               mc_w.l(errno.o)
    0x20000444   COMPRESSED   0x00000004   PAD
    0x20000448        -       0x00002800   Zero   RW            4    .bss                main.o
    0x20002c48        -       0x00000140   Zero   RW          492    .bss                relay.o
    0x20002d88        -       0x00000208   Zero   RW          561    .bss                uartcmd.o
    0x20002f90        -       0x00000400   Zero   RW          598    .bss                config.o
    0x20003390        -       0x00000094   Zero   RW          599    .bss                config.o
    0x20003424        -       0x00000a80   Zero   RW          663    .bss                serial.o
    0x20003ea4   COMPRESSED   0x00000004   PAD
    0x20003ea8        -       0x000006b4   Zero   RW          710    .bss                display.o
    0x2000455c        -       0x000000c1   Zero   RW          817    .bss                modbus.o
    0x2000461d   COMPRESSED   0x00000003   PAD
    0x20004620        -       0x0000026c   Zero   RW          901    .bss                storage.o
    0x2000488c        -       0x000000c8   Zero   RW          957    .bss                ble.o
    0x20004954        -       0x00000188   Zero   RW         1396    .bss                STM32F4xxlib.lib(sapp.o)
    0x20004adc        -       0x00001238   Zero   RW         1581    .bss                STM32F4xxlib.lib(os_core.o)
    0x20005d14        -       0x0000008c   Zero   RW         1582    .bss                STM32F4xxlib.lib(os_core.o)
    0x20005da0        -       0x000000b4   Zero   RW         1583    .bss                STM32F4xxlib.lib(os_core.o)
    0x20005e54        -       0x000000c0   Zero   RW         1584    .bss                STM32F4xxlib.lib(os_core.o)
    0x20005f14        -       0x000001c0   Zero   RW         1677    .bss                STM32F4xxlib.lib(gpio.o)
    0x200060d4        -       0x00000100   Zero   RW         1719    .bss                STM32F4xxlib.lib(keyboard.o)
    0x200061d4        -       0x000001b0   Zero   RW         1749    .bss                STM32F4xxlib.lib(msg.o)
    0x20006384        -       0x00000024   Zero   RW         1814    .bss                STM32F4xxlib.lib(task.o)
    0x200063a8        -       0x000000d0   Zero   RW         1840    .bss                STM32F4xxlib.lib(timer.o)
    0x20006478        -       0x0000000a   Zero   RW         2021    .bss                STM32F4xxlib.lib(rtc_driver.o)
    0x20006482   COMPRESSED   0x00000002   PAD
    0x20006484        -       0x00000040   Zero   RW         2112    .bss                STM32F4xxlib.lib(timer_driver.o)
    0x200064c4        -       0x0000000c   Zero   RW         2229    .bss                STM32F4xxlib.lib(ff.o)
    0x200064d0        -       0x0000003c   Zero   RW         2260    .bss                0860210008WDMBUSERLIB.lib(adc.o)
    0x2000650c        -       0x00000024   Zero   RW         2429    .bss                0860210008WDMBUSERLIB.lib(ad7799.o)
    0x20006530        -       0x00001018   Zero   RW         2590    .bss                STM32F4xxlib.lib(memory.o)
    0x20007548        -       0x00000030   Zero   RW         2716    .bss                STM32F4xxlib.lib(hal_spi_driver.o)
    0x20007578        -       0x00000278   Zero   RW         2860    .bss                STM32F4xxlib.lib(sdio_sdcard.o)
    0x200077f0        -       0x00000400   Zero   RW         1015    STACK               startup_stm32f40_41xxx.o



  Load Region LR_IROM2 (Base: 0x0800c000, Size: 0x0004e8d0, Max: 0x00100000, ABSOLUTE)

    Execution Region ER_IROM2 (Exec base: 0x0800c000, Load base: 0x0800c000, Size: 0x0004e8d0, Max: 0x00100000, ABSOLUTE)

    Exec Addr    Load Addr    Size         Type   Attr      Idx    E Section Name        Object

    0x0800c000   0x0800c000   0x00000000   Code   RO         2919  * .ARM.Collect$$$$00000000  mc_w.l(entry.o)
    0x0800c000   0x0800c000   0x00000004   Code   RO         3258    .ARM.Collect$$$$00000001  mc_w.l(entry2.o)
    0x0800c004   0x0800c004   0x00000004   Code   RO         3261    .ARM.Collect$$$$00000004  mc_w.l(entry5.o)
    0x0800c008   0x0800c008   0x00000000   Code   RO         3263    .ARM.Collect$$$$00000008  mc_w.l(entry7b.o)
    0x0800c008   0x0800c008   0x00000000   Code   RO         3265    .ARM.Collect$$$$0000000A  mc_w.l(entry8b.o)
    0x0800c008   0x0800c008   0x00000008   Code   RO         3266    .ARM.Collect$$$$0000000B  mc_w.l(entry9a.o)
    0x0800c010   0x0800c010   0x00000000   Code   RO         3268    .ARM.Collect$$$$0000000D  mc_w.l(entry10a.o)
    0x0800c010   0x0800c010   0x00000000   Code   RO         3270    .ARM.Collect$$$$0000000F  mc_w.l(entry11a.o)
    0x0800c010   0x0800c010   0x00000004   Code   RO         3259    .ARM.Collect$$$$00002712  mc_w.l(entry2.o)
    0x0800c014   0x0800c014   0x000002a8   Code   RO            3    .text               main.o
    0x0800c2bc   0x0800c2bc   0x000004da   Code   RO          307    .text               stm32f4xx_it.o
    0x0800c796   0x0800c796   0x00000002   PAD
    0x0800c798   0x0800c798   0x00000180   Code   RO          376    .text               system_stm32f4xx.o
    0x0800c918   0x0800c918   0x000000d4   Code   RO          402    .text               beep.o
    0x0800c9ec   0x0800c9ec   0x0000005c   Code   RO          455    .text               dica.o
    0x0800ca48   0x0800ca48   0x00000124   Code   RO          491    .text               relay.o
    0x0800cb6c   0x0800cb6c   0x00000024   Code   RO          533    .text               printf.o
    0x0800cb90   0x0800cb90   0x000001c0   Code   RO          560    .text               uartcmd.o
    0x0800cd50   0x0800cd50   0x00000398   Code   RO          597    .text               config.o
    0x0800d0e8   0x0800d0e8   0x000005ec   Code   RO          662    .text               serial.o
    0x0800d6d4   0x0800d6d4   0x00006178   Code   RO          709    .text               display.o
    0x0801384c   0x0801384c   0x0000027c   Code   RO          780    .text               at.o
    0x08013ac8   0x08013ac8   0x00001918   Code   RO          816    .text               modbus.o
    0x080153e0   0x080153e0   0x00000cec   Code   RO          853    .text               lcd.o
    0x080160cc   0x080160cc   0x00000008   Code   RO          875    .text               font.o
    0x080160d4   0x080160d4   0x00000350   Code   RO          900    .text               storage.o
    0x08016424   0x08016424   0x000002e8   Code   RO          956    .text               ble.o
    0x0801670c   0x0801670c   0x00000288   Code   RO         1003    .text               tocdata.o
    0x08016994   0x08016994   0x00000024   Code   RO         1018    .text               startup_stm32f40_41xxx.o
    0x080169b8   0x080169b8   0x000000b0   Code   RO         1024    .text               misc.o
    0x08016a68   0x08016a68   0x00000238   Code   RO         1044    .text               stm32f4xx_gpio.o
    0x08016ca0   0x08016ca0   0x00000484   Code   RO         1064    .text               stm32f4xx_rcc.o
    0x08017124   0x08017124   0x0000007c   Code   RO         1086    .text               stm32f4xx_syscfg.o
    0x080171a0   0x080171a0   0x00000358   Code   RO         1106    .text               stm32f4xx_usart.o
    0x080174f8   0x080174f8   0x00000354   Code   RO         1126    .text               stm32f4xx_adc.o
    0x0801784c   0x0801784c   0x000004e8   Code   RO         1166    .text               stm32f4xx_flash.o
    0x08017d34   0x08017d34   0x00000128   Code   RO         1207    .text               stm32f4xx_pwr.o
    0x08017e5c   0x08017e5c   0x00000a48   Code   RO         1227    .text               stm32f4xx_rtc.o
    0x080188a4   0x080188a4   0x0000032c   Code   RO         1248    .text               stm32f4xx_spi.o
    0x08018bd0   0x08018bd0   0x000009dc   Code   RO         1268    .text               stm32f4xx_tim.o
    0x080195ac   0x080195ac   0x0000003c   Code   RO         1289    .text               stm32f4xx_iwdg.o
    0x080195e8   0x080195e8   0x00000320   Code   RO         1309    .text               stm32f4xx_dma.o
    0x08019908   0x08019908   0x000000e0   Code   RO         1329    .text               stm32f4xx_exti.o
    0x080199e8   0x080199e8   0x000001b8   Code   RO         1349    .text               stm32f4xx_sdio.o
    0x08019ba0   0x08019ba0   0x000003a8   Code   RO         1395    .text               STM32F4xxlib.lib(sapp.o)
    0x08019f48   0x08019f48   0x00000028   Code   RO         1572    .text               STM32F4xxlib.lib(cpu_a.o)
    0x08019f70   0x08019f70   0x000000b8   Code   RO         1575    .text               STM32F4xxlib.lib(os_cpu_a.o)
    0x0801a028   0x0801a028   0x00000624   Code   RO         1580    .text               STM32F4xxlib.lib(os_core.o)
    0x0801a64c   0x0801a64c   0x0000039c   Code   RO         1615    .text               STM32F4xxlib.lib(os_mbox.o)
    0x0801a9e8   0x0801a9e8   0x00000704   Code   RO         1635    .text               STM32F4xxlib.lib(os_task.o)
    0x0801b0ec   0x0801b0ec   0x0000019c   Code   RO         1656    .text               STM32F4xxlib.lib(os_time.o)
    0x0801b288   0x0801b288   0x00000398   Code   RO         1676    .text               STM32F4xxlib.lib(gpio.o)
    0x0801b620   0x0801b620   0x000001e0   Code   RO         1718    .text               STM32F4xxlib.lib(keyboard.o)
    0x0801b800   0x0801b800   0x000001d4   Code   RO         1748    .text               STM32F4xxlib.lib(msg.o)
    0x0801b9d4   0x0801b9d4   0x00000118   Code   RO         1813    .text               STM32F4xxlib.lib(task.o)
    0x0801baec   0x0801baec   0x00000158   Code   RO         1839    .text               STM32F4xxlib.lib(timer.o)
    0x0801bc44   0x0801bc44   0x00000064   Code   RO         1868    .text               STM32F4xxlib.lib(voslog.o)
    0x0801bca8   0x0801bca8   0x00000150   Code   RO         1894    .text               STM32F4xxlib.lib(system_time.o)
    0x0801bdf8   0x0801bdf8   0x00000374   Code   RO         1916    .text               STM32F4xxlib.lib(help.o)
    0x0801c16c   0x0801c16c   0x00000124   Code   RO         1939    .text               STM32F4xxlib.lib(bsp.o)
    0x0801c290   0x0801c290   0x00000004   Code   RO         1969    .text               STM32F4xxlib.lib(hal_assert.o)
    0x0801c294   0x0801c294   0x00000464   Code   RO         1992    .text               STM32F4xxlib.lib(osal_snv.o)
    0x0801c6f8   0x0801c6f8   0x000004a0   Code   RO         2020    .text               STM32F4xxlib.lib(rtc_driver.o)
    0x0801cb98   0x0801cb98   0x000000d8   Code   RO         2084    .text               STM32F4xxlib.lib(serial_driver.o)
    0x0801cc70   0x0801cc70   0x00000724   Code   RO         2111    .text               STM32F4xxlib.lib(timer_driver.o)
    0x0801d394   0x0801d394   0x000000b4   Code   RO         2139    .text               STM32F4xxlib.lib(common.o)
    0x0801d448   0x0801d448   0x00000050   Code   RO         2169    .text               STM32F4xxlib.lib(iwdg_driver.o)
    0x0801d498   0x0801d498   0x00000590   Code   RO         2189    .text               STM32F4xxlib.lib(mfddriver.o)
    0x0801da28   0x0801da28   0x00002978   Code   RO         2228    .text               STM32F4xxlib.lib(ff.o)
    0x080203a0   0x080203a0   0x000001d0   Code   RO         2259    .text               0860210008WDMBUSERLIB.lib(adc.o)
    0x08020570   0x08020570   0x0000038c   Code   RO         2428    .text               0860210008WDMBUSERLIB.lib(ad7799.o)
    0x080208fc   0x080208fc   0x0000001c   Code   RO         2481    .text               STM32F4xxlib.lib(sbl_app.o)
    0x08020918   0x08020918   0x0000016a   Code   RO         2501    .text               STM32F4xxlib.lib(os_cpu_c.o)
    0x08020a82   0x08020a82   0x00000002   PAD
    0x08020a84   0x08020a84   0x000005f4   Code   RO         2528    .text               STM32F4xxlib.lib(os_flag.o)
    0x08021078   0x08021078   0x00000210   Code   RO         2549    .text               STM32F4xxlib.lib(os_mem.o)
    0x08021288   0x08021288   0x0000055c   Code   RO         2569    .text               STM32F4xxlib.lib(os_q.o)
    0x080217e4   0x080217e4   0x00000138   Code   RO         2589    .text               STM32F4xxlib.lib(memory.o)
    0x0802191c   0x0802191c   0x00000054   Code   RO         2613    .text               STM32F4xxlib.lib(vos.o)
    0x08021970   0x08021970   0x00000040   Code   RO         2652    .text               STM32F4xxlib.lib(version.o)
    0x080219b0   0x080219b0   0x00000120   Code   RO         2674    .text               STM32F4xxlib.lib(adc_driver.o)
    0x08021ad0   0x08021ad0   0x00000314   Code   RO         2694    .text               STM32F4xxlib.lib(hal_flash.o)
    0x08021de4   0x08021de4   0x00000340   Code   RO         2715    .text               STM32F4xxlib.lib(hal_spi_driver.o)
    0x08022124   0x08022124   0x00000084   Code   RO         2738    .text               STM32F4xxlib.lib(copyright.o)
    0x080221a8   0x080221a8   0x00000200   Code   RO         2757    .text               STM32F4xxlib.lib(ad7799_multi_driver.o)
    0x080223a8   0x080223a8   0x000000d4   Code   RO         2783    .text               STM32F4xxlib.lib(diskio.o)
    0x0802247c   0x0802247c   0x00000070   Code   RO         2814    .text               STM32F4xxlib.lib(cc936.o)
    0x080224ec   0x080224ec   0x00000348   Code   RO         2839    .text               STM32F4xxlib.lib(os_sem.o)
    0x08022834   0x08022834   0x00001750   Code   RO         2859    .text               STM32F4xxlib.lib(sdio_sdcard.o)
    0x08023f84   0x08023f84   0x00000062   Code   RO         2922    .text               mc_w.l(ldiv.o)
    0x08023fe6   0x08023fe6   0x00000024   Code   RO         2924    .text               mc_w.l(memcpya.o)
    0x0802400a   0x0802400a   0x00000024   Code   RO         2926    .text               mc_w.l(memseta.o)
    0x0802402e   0x0802402e   0x00000014   Code   RO         2928    .text               mc_w.l(strchr.o)
    0x08024042   0x08024042   0x0000000e   Code   RO         2930    .text               mc_w.l(strlen.o)
    0x08024050   0x08024050   0x0000001c   Code   RO         2932    .text               mc_w.l(strcmp.o)
    0x0802406c   0x0802406c   0x0000001a   Code   RO         2934    .text               mc_w.l(memcmp.o)
    0x08024086   0x08024086   0x00000012   Code   RO         2936    .text               mc_w.l(strcpy.o)
    0x08024098   0x08024098   0x0000001e   Code   RO         2938    .text               mc_w.l(strncmp.o)
    0x080240b6   0x080240b6   0x00000002   PAD
    0x080240b8   0x080240b8   0x00000038   Code   RO         3203    .text               mc_w.l(__0sscanf.o)
    0x080240f0   0x080240f0   0x0000014c   Code   RO         3205    .text               mc_w.l(_scanf_int.o)
    0x0802423c   0x0802423c   0x0000001a   Code   RO         3207    .text               mc_w.l(atoi.o)
    0x08024256   0x08024256   0x0000014e   Code   RO         3209    .text               mf_w.l(dadd.o)
    0x080243a4   0x080243a4   0x000000e4   Code   RO         3211    .text               mf_w.l(dmul.o)
    0x08024488   0x08024488   0x000000de   Code   RO         3213    .text               mf_w.l(ddiv.o)
    0x08024566   0x08024566   0x0000001a   Code   RO         3215    .text               mf_w.l(dfltui.o)
    0x08024580   0x08024580   0x0000003e   Code   RO         3217    .text               mf_w.l(dfixi.o)
    0x080245be   0x080245be   0x00000026   Code   RO         3219    .text               mf_w.l(f2d.o)
    0x080245e4   0x080245e4   0x00000030   Code   RO         3221    .text               mf_w.l(cdcmple.o)
    0x08024614   0x08024614   0x00000030   Code   RO         3223    .text               mf_w.l(cdrcmple.o)
    0x08024644   0x08024644   0x00000038   Code   RO         3225    .text               mf_w.l(d2f.o)
    0x0802467c   0x0802467c   0x0000002c   Code   RO         3273    .text               mc_w.l(uidiv.o)
    0x080246a8   0x080246a8   0x00000062   Code   RO         3275    .text               mc_w.l(uldiv.o)
    0x0802470a   0x0802470a   0x0000001e   Code   RO         3277    .text               mc_w.l(llshl.o)
    0x08024728   0x08024728   0x00000020   Code   RO         3279    .text               mc_w.l(llushr.o)
    0x08024748   0x08024748   0x00000024   Code   RO         3281    .text               mc_w.l(llsshr.o)
    0x0802476c   0x0802476c   0x0000001c   Code   RO         3290    .text               mc_w.l(_chval.o)
    0x08024788   0x08024788   0x00000028   Code   RO         3292    .text               mc_w.l(scanf_char.o)
    0x080247b0   0x080247b0   0x00000040   Code   RO         3294    .text               mc_w.l(_sgetc.o)
    0x080247f0   0x080247f0   0x00000070   Code   RO         3296    .text               mc_w.l(strtol.o)
    0x08024860   0x08024860   0x00000000   Code   RO         3298    .text               mc_w.l(iusefp.o)
    0x08024860   0x08024860   0x0000006e   Code   RO         3299    .text               mf_w.l(fepilogue.o)
    0x080248ce   0x080248ce   0x000000ba   Code   RO         3301    .text               mf_w.l(depilogue.o)
    0x08024988   0x08024988   0x0000002e   Code   RO         3305    .text               mf_w.l(dscalb.o)
    0x080249b6   0x080249b6   0x00000022   Code   RO         3307    .text               mf_w.l(dflti.o)
    0x080249d8   0x080249d8   0x00000030   Code   RO         3309    .text               mf_w.l(dfixul.o)
    0x08024a08   0x08024a08   0x00000024   Code   RO         3311    .text               mc_w.l(init.o)
    0x08024a2c   0x08024a2c   0x00000008   Code   RO         3315    .text               mc_w.l(ctype_o.o)
    0x08024a34   0x08024a34   0x00000012   Code   RO         3337    .text               mc_w.l(isspace_o.o)
    0x08024a46   0x08024a46   0x00000002   PAD
    0x08024a48   0x08024a48   0x0000032c   Code   RO         3343    .text               mc_w.l(_scanf.o)
    0x08024d74   0x08024d74   0x0000009e   Code   RO         3345    .text               mc_w.l(_strtoul.o)
    0x08024e12   0x08024e12   0x000000a2   Code   RO         3347    .text               mf_w.l(dsqrt.o)
    0x08024eb4   0x08024eb4   0x00000056   Code   RO         3360    .text               mc_w.l(__dczerorl2.o)
    0x08024f0a   0x08024f0a   0x00000002   PAD
    0x08024f0c   0x08024f0c   0x00000020   Code   RO         3175    i.__0printf         mc_w.l(printfa.o)
    0x08024f2c   0x08024f2c   0x00000028   Code   RO         3177    i.__0sprintf        mc_w.l(printfa.o)
    0x08024f54   0x08024f54   0x00000010   Code   RO         3179    i.__0vprintf        mc_w.l(printfa.o)
    0x08024f64   0x08024f64   0x00000024   Code   RO         3181    i.__0vsprintf       mc_w.l(printfa.o)
    0x08024f88   0x08024f88   0x00000030   Code   RO         3241    i.__ARM_fpclassify  m_wm.l(fpclassify.o)
    0x08024fb8   0x08024fb8   0x00000008   Code   RO         3283    i.__aeabi_errno_addr  mc_w.l(errno.o)
    0x08024fc0   0x08024fc0   0x00000014   Code   RO         2885    i.__hardfp_fabs     m_wm.l(fabs.o)
    0x08024fd4   0x08024fd4   0x00000004   PAD
    0x08024fd8   0x08024fd8   0x000003c4   Code   RO         2891    i.__hardfp_log      m_wm.l(log.o)
    0x0802539c   0x0802539c   0x00000004   PAD
    0x080253a0   0x080253a0   0x00000c50   Code   RO         2905    i.__hardfp_pow      m_wm.l(pow.o)
    0x08025ff0   0x08025ff0   0x000000f8   Code   RO         3243    i.__kernel_poly     m_wm.l(poly.o)
    0x080260e8   0x080260e8   0x00000030   Code   RO         3227    i.__mathlib_dbl_divzero  m_wm.l(dunder.o)
    0x08026118   0x08026118   0x00000014   Code   RO         3228    i.__mathlib_dbl_infnan  m_wm.l(dunder.o)
    0x0802612c   0x0802612c   0x00000014   Code   RO         3229    i.__mathlib_dbl_infnan2  m_wm.l(dunder.o)
    0x08026140   0x08026140   0x00000020   Code   RO         3230    i.__mathlib_dbl_invalid  m_wm.l(dunder.o)
    0x08026160   0x08026160   0x00000020   Code   RO         3231    i.__mathlib_dbl_overflow  m_wm.l(dunder.o)
    0x08026180   0x08026180   0x00000020   Code   RO         3233    i.__mathlib_dbl_underflow  m_wm.l(dunder.o)
    0x080261a0   0x080261a0   0x0000000e   Code   RO         3354    i.__scatterload_copy  mc_w.l(handlers.o)
    0x080261ae   0x080261ae   0x00000002   Code   RO         3355    i.__scatterload_null  mc_w.l(handlers.o)
    0x080261b0   0x080261b0   0x0000000e   Code   RO         3356    i.__scatterload_zeroinit  mc_w.l(handlers.o)
    0x080261be   0x080261be   0x00000002   PAD
    0x080261c0   0x080261c0   0x0000000c   Code   RO         3285    i.__set_errno       mc_w.l(errno.o)
    0x080261cc   0x080261cc   0x00000184   Code   RO         3182    i._fp_digits        mc_w.l(printfa.o)
    0x08026350   0x08026350   0x000006dc   Code   RO         3183    i._printf_core      mc_w.l(printfa.o)
    0x08026a2c   0x08026a2c   0x00000024   Code   RO         3184    i._printf_post_padding  mc_w.l(printfa.o)
    0x08026a50   0x08026a50   0x0000002e   Code   RO         3185    i._printf_pre_padding  mc_w.l(printfa.o)
    0x08026a7e   0x08026a7e   0x0000000a   Code   RO         3187    i._sputc            mc_w.l(printfa.o)
    0x08026a88   0x08026a88   0x00000018   Code   RO         2887    i.fabs              m_wm.l(fabs.o)
    0x08026aa0   0x08026aa0   0x0000006e   Code   RO         3248    i.sqrt              m_wm.l(sqrt.o)
    0x08026b0e   0x08026b0e   0x00000001   Data   RO          456    .constdata          dica.o
    0x08026b0f   0x08026b0f   0x00000014   Data   RO          493    .constdata          relay.o
    0x08026b23   0x08026b23   0x00000020   Data   RO          602    .constdata          config.o
    0x08026b43   0x08026b43   0x00000001   PAD
    0x08026b44   0x08026b44   0x00000010   Data   RO          664    .constdata          serial.o
    0x08026b54   0x08026b54   0x00000014   Data   RO          712    .constdata          display.o
    0x08026b68   0x08026b68   0x00000050   Data   RO          781    .constdata          at.o
    0x08026bb8   0x08026bb8   0x00000600   Data   RO          876    .constdata          font.o
    0x080271b8   0x080271b8   0x00002400   Data   RO          877    .constdata          font.o
    0x080295b8   0x080295b8   0x00003600   Data   RO          878    .constdata          font.o
    0x0802cbb8   0x0802cbb8   0x000020d0   Data   RO          879    .constdata          font.o
    0x0802ec88   0x0802ec88   0x00000b5e   Data   RO          880    .constdata          font.o
    0x0802f7e6   0x0802f7e6   0x00000002   PAD
    0x0802f7e8   0x0802f7e8   0x00000008   Data   RO         1397    .constdata          STM32F4xxlib.lib(sapp.o)
    0x0802f7f0   0x0802f7f0   0x00000100   Data   RO         1585    .constdata          STM32F4xxlib.lib(os_core.o)
    0x0802f8f0   0x0802f8f0   0x0000002b   Data   RO         2022    .constdata          STM32F4xxlib.lib(rtc_driver.o)
    0x0802f91b   0x0802f91b   0x00000001   PAD
    0x0802f91c   0x0802f91c   0x000000cc   Data   RO         2085    .constdata          STM32F4xxlib.lib(serial_driver.o)
    0x0802f9e8   0x0802f9e8   0x00000020   Data   RO         2113    .constdata          STM32F4xxlib.lib(timer_driver.o)
    0x0802fa08   0x0802fa08   0x00000009   Data   RO         2190    .constdata          STM32F4xxlib.lib(mfddriver.o)
    0x0802fa11   0x0802fa11   0x00000001   PAD
    0x0802fa12   0x0802fa12   0x0000003a   Data   RO         2230    .constdata          STM32F4xxlib.lib(ff.o)
    0x0802fa4c   0x0802fa4c   0x00000001   Data   RO         2430    .constdata          0860210008WDMBUSERLIB.lib(ad7799.o)
    0x0802fa4d   0x0802fa4d   0x00000001   PAD
    0x0802fa4e   0x0802fa4e   0x00000010   Data   RO         2653    .constdata          STM32F4xxlib.lib(version.o)
    0x0802fa5e   0x0802fa5e   0x0002acc8   Data   RO         2815    .constdata          STM32F4xxlib.lib(cc936.o)
    0x0805a726   0x0805a726   0x00000002   PAD
    0x0805a728   0x0805a728   0x00000038   Data   RO         2894    .constdata          m_wm.l(log.o)
    0x0805a760   0x0805a760   0x00000088   Data   RO         2908    .constdata          m_wm.l(pow.o)
    0x0805a7e8   0x0805a7e8   0x00000008   Data   RO         3245    .constdata          m_wm.l(qnan.o)
    0x0805a7f0   0x0805a7f0   0x00000081   Data   RO         3316    .constdata          mc_w.l(ctype_o.o)
    0x0805a871   0x0805a871   0x00000003   PAD
    0x0805a874   0x0805a874   0x00000004   Data   RO         3317    .constdata          mc_w.l(ctype_o.o)
    0x0805a878   0x0805a878   0x00000008   Data   RO          713    .conststring        display.o
    0x0805a880   0x0805a880   0x00000011   Data   RO          782    .conststring        at.o
    0x0805a891   0x0805a891   0x00000003   PAD
    0x0805a894   0x0805a894   0x0000001c   Data   RO         1678    .conststring        STM32F4xxlib.lib(gpio.o)
    0x0805a8b0   0x0805a8b0   0x00000020   Data   RO         3352    Region$$Table       anon$$obj.o



  Load Region LR$$.ARM.__AT_0x10000000 (Base: 0x10000000, Size: 0x00000000, Max: 0x00001000, ABSOLUTE)

    Execution Region ER$$.ARM.__AT_0x10000000 (Exec base: 0x10000000, Load base: 0x10000000, Size: 0x00001000, Max: 0x00001000, ABSOLUTE, UNINIT)

    Exec Addr    Load Addr    Size         Type   Attr      Idx    E Section Name        Object

    0x10000000        -       0x00001000   Zero   RW         1370    .ARM.__AT_0x10000000  osal_memory.o


==============================================================================

Image component sizes


      Code (inc. data)   RO Data    RW Data    ZI Data      Debug   Object Name

       636        114         97          1          0       2557   at.o
       212          0          0          0          0       2842   beep.o
       744         42          0          8        200      30809   ble.o
       920         62         32         14       1172      11714   config.o
        92         10          1          0          0       2241   dica.o
     24952       3934         28         52       1716      82006   display.o
         8          0      35886          0          0       2431   font.o
      3308         54          0          0          0      16520   lcd.o
       680         74          0          4      10240     372542   main.o
       176         12          0          0          0       1921   misc.o
      6424        754          0        274        193      19727   modbus.o
         0          0          0          0       4096       1556   osal_memory.o
        36          6          0          0          0       1760   printf.o
       292         10         20          0        320       8908   relay.o
      1516         14         16          0       2688      14107   serial.o
        36          8        392          0       1024        824   startup_stm32f40_41xxx.o
       852         20          0          0          0      10806   stm32f4xx_adc.o
       800         32          0          0          0       6937   stm32f4xx_dma.o
       224         10          0          0          0       2367   stm32f4xx_exti.o
      1256         26          0          0          0       9900   stm32f4xx_flash.o
       568         46          0          0          0       4497   stm32f4xx_gpio.o
      1242         28          0          0          0       5733   stm32f4xx_it.o
        60          6          0          0          0       1377   stm32f4xx_iwdg.o
       296         12          0          0          0       3799   stm32f4xx_pwr.o
      1156         52          0         16          0      13296   stm32f4xx_rcc.o
      2632         40          0          0          0      16226   stm32f4xx_rtc.o
       440         14          0          0          0       7548   stm32f4xx_sdio.o
       812         38          0          0          0       7305   stm32f4xx_spi.o
       124         16          0          0          0       1905   stm32f4xx_syscfg.o
      2524         52          0          0          0      23006   stm32f4xx_tim.o
       856         32          0          0          0       8152   stm32f4xx_usart.o
       848         96          0          0        620      20083   storage.o
       384         40          0         20          0       1871   system_stm32f4xx.o
       648         40          0          0          0       2551   tocdata.o
       448         26          0          4        520       4795   uartcmd.o

    ----------------------------------------------------------------------
     56204       5720      36510        400      22796     724619   Object Totals
         0          0         32          0          0          0   (incl. Generated)
         2          0          6          7          7          0   (incl. Padding)

    ----------------------------------------------------------------------

      Code (inc. data)   RO Data    RW Data    ZI Data      Debug   Library Member Name

       908         88          1          4         36       4442   ad7799.o
       464         34          0          0         60     246174   adc.o
       512         12          0          4          0       4100   ad7799_multi_driver.o
       288         18          0          0          0       1485   adc_driver.o
       292         14          0          8          0      28182   bsp.o
       112         16     175304          0          0       1901   cc936.o
       180         26          0          4          0      29163   common.o
       132         10          0          1          0       2470   copyright.o
        40          4          0          0          0        272   cpu_a.o
         0          0          0        256          0        509   ctype.o
       212          6          0          0          0       3629   diskio.o
     10616        132         58          2         12      30768   ff.o
       920         10         28        260        448       9438   gpio.o
         4          0          0          0          0       1021   hal_assert.o
       788         74          0          0          0       4143   hal_flash.o
       832         30          0          0         48       6155   hal_spi_driver.o
       884         12          0          0          0       3556   help.o
        80          0          0          0          0        787   iwdg_driver.o
       480         10          0          2        256       4060   keyboard.o
       312         12          0          2       4120       2238   memory.o
      1424        134          9         12          0       7609   mfddriver.o
       468          8          0          8        432       6221   msg.o
      1572         48        256         60       5176      16242   os_core.o
       184         40          0          0          0        324   os_cpu_a.o
       362          0          0          0          0      12936   os_cpu_c.o
      1524         38          0          0          0       5278   os_flag.o
       924         18          0          0          0       3546   os_mbox.o
       528         14          0          0          0       2676   os_mem.o
      1372         30          0          0          0       4549   os_q.o
       840         18          0          0          0       3278   os_sem.o
      1796         68          0          0          0       5859   os_task.o
       412         26          0          0          0       1762   os_time.o
      1124         10          0          6          0       6509   osal_snv.o
      1184         34         43          2         10       6167   rtc_driver.o
       936         34          8          8        392     371417   sapp.o
        28          0          0          0          0        483   sbl_app.o
      5968        118          0         12        632      23930   sdio_sdcard.o
       216          4        204          0          0       4629   serial_driver.o
       336          6          0          4          0       3420   system_time.o
       280         10          0          4         36       2343   task.o
       344          8          0          0        208       3287   timer.o
      1828         56         32         16         64       6432   timer_driver.o
        64          4         16          0          0       1322   version.o
        84          0          0          0          0       2025   vos.o
       100         48          0          4          0       1649   voslog.o
       184         44          0          0          0        744   dunder.o
        44          0          0          0          0        248   fabs.o
        48          0          0          0          0        124   fpclassify.o
       964         92         56          0          0        316   log.o
       248          0          0          0          0        152   poly.o
      3152        296        136          0          0        352   pow.o
         0          0          8          0          0          0   qnan.o
       110          0          0          0          0        148   sqrt.o
        56          8          0          0          0         84   __0sscanf.o
        86          0          0          0          0          0   __dczerorl2.o
        28          0          0          0          0         68   _chval.o
       812          4          0          0          0        112   _scanf.o
       332          0          0          0          0         96   _scanf_int.o
        64          0          0          0          0         84   _sgetc.o
       158          0          0          0          0         92   _strtoul.o
        26          0          0          0          0         80   atoi.o
         8          4        133          0          0         68   ctype_o.o
         0          0          0          0          0          0   entry.o
         0          0          0          0          0          0   entry10a.o
         0          0          0          0          0          0   entry11a.o
         8          4          0          0          0          0   entry2.o
         4          0          0          0          0          0   entry5.o
         0          0          0          0          0          0   entry7b.o
         0          0          0          0          0          0   entry8b.o
         8          4          0          0          0          0   entry9a.o
        20         10          0          4          0        136   errno.o
        30          0          0          0          0          0   handlers.o
        36          8          0          0          0         68   init.o
        18          0          0          0          0         76   isspace_o.o
         0          0          0          0          0          0   iusefp.o
        98          0          0          0          0         84   ldiv.o
        30          0          0          0          0         68   llshl.o
        36          0          0          0          0         68   llsshr.o
        32          0          0          0          0         68   llushr.o
        26          0          0          0          0         80   memcmp.o
        36          0          0          0          0         68   memcpya.o
        36          0          0          0          0        108   memseta.o
      2360        110          0          0          0        752   printfa.o
        40          8          0          0          0         84   scanf_char.o
         0          0          0          4          0          0   stdout.o
        20          0          0          0          0         68   strchr.o
        28          0          0          0          0         76   strcmp.o
        18          0          0          0          0         68   strcpy.o
        14          0          0          0          0         68   strlen.o
        30          0          0          0          0         80   strncmp.o
       112          0          0          0          0         88   strtol.o
        44          0          0          0          0         80   uidiv.o
        98          0          0          0          0         92   uldiv.o
        48          0          0          0          0         68   cdcmple.o
        48          0          0          0          0         68   cdrcmple.o
        56          0          0          0          0         88   d2f.o
       334          0          0          0          0        148   dadd.o
       222          0          0          0          0        100   ddiv.o
       186          0          0          0          0        176   depilogue.o
        62          0          0          0          0         80   dfixi.o
        48          0          0          0          0         68   dfixul.o
        34          0          0          0          0         76   dflti.o
        26          0          0          0          0         76   dfltui.o
       228          0          0          0          0         96   dmul.o
        46          0          0          0          0         80   dscalb.o
       162          0          0          0          0        100   dsqrt.o
        38          0          0          0          0         68   f2d.o
       110          0          0          0          0        168   fepilogue.o

    ----------------------------------------------------------------------
     53122       1878     176300        692      11936     894894   Library Totals
        18          4          8          5          6          0   (incl. Padding)

    ----------------------------------------------------------------------

      Code (inc. data)   RO Data    RW Data    ZI Data      Debug   Library Name

      1372        122          1          4         96     250616   0860210008WDMBUSERLIB.lib
     40582       1160     175958        675      11834     637770   STM32F4xxlib.lib
      4750        432        200          0          0       2084   m_wm.l
      4752        160        133          8          0       2964   mc_w.l
      1648          0          0          0          0       1460   mf_w.l

    ----------------------------------------------------------------------
     53122       1878     176300        692      11936     894894   Library Totals

    ----------------------------------------------------------------------

==============================================================================


      Code (inc. data)   RO Data    RW Data    ZI Data      Debug   

    109326       7598     212810       1092      34732    1596301   Grand Totals
    109326       7598     212810        472      34732    1596301   ELF Image Totals (compressed)
    109326       7598     212810        472          0          0   ROM Totals

==============================================================================

    Total RO  Size (Code + RO Data)               322136 ( 314.59kB)
    Total RW  Size (RW Data + ZI Data)             35824 (  34.98kB)
    Total ROM Size (Code + RO Data + RW Data)     322608 ( 315.05kB)

==============================================================================

